Archive member included to satisfy reference by file (symbol)

C:/ST/STM32CubeIDE_1.15.1/STM32CubeIDE/plugins/com.st.stm32cube.ide.mcu.externaltools.gnu-tools-for-stm32.12.3.rel1.win32_1.0.100.202403111256/tools/bin/../lib/gcc/arm-none-eabi/12.3.1/../../../../arm-none-eabi/lib/thumb/v7e-m/nofp\libc_nano.a(libc_a-exit.o)
                              C:/ST/STM32CubeIDE_1.15.1/STM32CubeIDE/plugins/com.st.stm32cube.ide.mcu.externaltools.gnu-tools-for-stm32.12.3.rel1.win32_1.0.100.202403111256/tools/bin/../lib/gcc/arm-none-eabi/12.3.1/../../../../arm-none-eabi/lib/thumb/v7e-m/nofp/crt0.o (exit)
C:/ST/STM32CubeIDE_1.15.1/STM32CubeIDE/plugins/com.st.stm32cube.ide.mcu.externaltools.gnu-tools-for-stm32.12.3.rel1.win32_1.0.100.202403111256/tools/bin/../lib/gcc/arm-none-eabi/12.3.1/../../../../arm-none-eabi/lib/thumb/v7e-m/nofp\libc_nano.a(libc_a-findfp.o)
                              C:/ST/STM32CubeIDE_1.15.1/STM32CubeIDE/plugins/com.st.stm32cube.ide.mcu.externaltools.gnu-tools-for-stm32.12.3.rel1.win32_1.0.100.202403111256/tools/bin/../lib/gcc/arm-none-eabi/12.3.1/../../../../arm-none-eabi/lib/thumb/v7e-m/nofp\libc_nano.a(libc_a-exit.o) (__stdio_exit_handler)
C:/ST/STM32CubeIDE_1.15.1/STM32CubeIDE/plugins/com.st.stm32cube.ide.mcu.externaltools.gnu-tools-for-stm32.12.3.rel1.win32_1.0.100.202403111256/tools/bin/../lib/gcc/arm-none-eabi/12.3.1/../../../../arm-none-eabi/lib/thumb/v7e-m/nofp\libc_nano.a(libc_a-fwalk.o)
                              C:/ST/STM32CubeIDE_1.15.1/STM32CubeIDE/plugins/com.st.stm32cube.ide.mcu.externaltools.gnu-tools-for-stm32.12.3.rel1.win32_1.0.100.202403111256/tools/bin/../lib/gcc/arm-none-eabi/12.3.1/../../../../arm-none-eabi/lib/thumb/v7e-m/nofp\libc_nano.a(libc_a-findfp.o) (_fwalk_sglue)
C:/ST/STM32CubeIDE_1.15.1/STM32CubeIDE/plugins/com.st.stm32cube.ide.mcu.externaltools.gnu-tools-for-stm32.12.3.rel1.win32_1.0.100.202403111256/tools/bin/../lib/gcc/arm-none-eabi/12.3.1/../../../../arm-none-eabi/lib/thumb/v7e-m/nofp\libc_nano.a(libc_a-stdio.o)
                              C:/ST/STM32CubeIDE_1.15.1/STM32CubeIDE/plugins/com.st.stm32cube.ide.mcu.externaltools.gnu-tools-for-stm32.12.3.rel1.win32_1.0.100.202403111256/tools/bin/../lib/gcc/arm-none-eabi/12.3.1/../../../../arm-none-eabi/lib/thumb/v7e-m/nofp\libc_nano.a(libc_a-findfp.o) (__sread)
C:/ST/STM32CubeIDE_1.15.1/STM32CubeIDE/plugins/com.st.stm32cube.ide.mcu.externaltools.gnu-tools-for-stm32.12.3.rel1.win32_1.0.100.202403111256/tools/bin/../lib/gcc/arm-none-eabi/12.3.1/../../../../arm-none-eabi/lib/thumb/v7e-m/nofp\libc_nano.a(libc_a-memset.o)
                              C:/ST/STM32CubeIDE_1.15.1/STM32CubeIDE/plugins/com.st.stm32cube.ide.mcu.externaltools.gnu-tools-for-stm32.12.3.rel1.win32_1.0.100.202403111256/tools/bin/../lib/gcc/arm-none-eabi/12.3.1/../../../../arm-none-eabi/lib/thumb/v7e-m/nofp/crt0.o (memset)
C:/ST/STM32CubeIDE_1.15.1/STM32CubeIDE/plugins/com.st.stm32cube.ide.mcu.externaltools.gnu-tools-for-stm32.12.3.rel1.win32_1.0.100.202403111256/tools/bin/../lib/gcc/arm-none-eabi/12.3.1/../../../../arm-none-eabi/lib/thumb/v7e-m/nofp\libc_nano.a(libc_a-closer.o)
                              C:/ST/STM32CubeIDE_1.15.1/STM32CubeIDE/plugins/com.st.stm32cube.ide.mcu.externaltools.gnu-tools-for-stm32.12.3.rel1.win32_1.0.100.202403111256/tools/bin/../lib/gcc/arm-none-eabi/12.3.1/../../../../arm-none-eabi/lib/thumb/v7e-m/nofp\libc_nano.a(libc_a-stdio.o) (_close_r)
C:/ST/STM32CubeIDE_1.15.1/STM32CubeIDE/plugins/com.st.stm32cube.ide.mcu.externaltools.gnu-tools-for-stm32.12.3.rel1.win32_1.0.100.202403111256/tools/bin/../lib/gcc/arm-none-eabi/12.3.1/../../../../arm-none-eabi/lib/thumb/v7e-m/nofp\libc_nano.a(libc_a-reent.o)
                              C:/ST/STM32CubeIDE_1.15.1/STM32CubeIDE/plugins/com.st.stm32cube.ide.mcu.externaltools.gnu-tools-for-stm32.12.3.rel1.win32_1.0.100.202403111256/tools/bin/../lib/gcc/arm-none-eabi/12.3.1/../../../../arm-none-eabi/lib/thumb/v7e-m/nofp\libc_nano.a(libc_a-closer.o) (errno)
C:/ST/STM32CubeIDE_1.15.1/STM32CubeIDE/plugins/com.st.stm32cube.ide.mcu.externaltools.gnu-tools-for-stm32.12.3.rel1.win32_1.0.100.202403111256/tools/bin/../lib/gcc/arm-none-eabi/12.3.1/../../../../arm-none-eabi/lib/thumb/v7e-m/nofp\libc_nano.a(libc_a-impure.o)
                              C:/ST/STM32CubeIDE_1.15.1/STM32CubeIDE/plugins/com.st.stm32cube.ide.mcu.externaltools.gnu-tools-for-stm32.12.3.rel1.win32_1.0.100.202403111256/tools/bin/../lib/gcc/arm-none-eabi/12.3.1/../../../../arm-none-eabi/lib/thumb/v7e-m/nofp\libc_nano.a(libc_a-reent.o) (_impure_ptr)
C:/ST/STM32CubeIDE_1.15.1/STM32CubeIDE/plugins/com.st.stm32cube.ide.mcu.externaltools.gnu-tools-for-stm32.12.3.rel1.win32_1.0.100.202403111256/tools/bin/../lib/gcc/arm-none-eabi/12.3.1/../../../../arm-none-eabi/lib/thumb/v7e-m/nofp\libc_nano.a(libc_a-lseekr.o)
[...]
Memory Configuration

Name             Origin             Length             Attributes
RAM              0x20000000         0x00010000         xrw
RAM2             0x10000000         0x00008000         xrw
FLASH            0x08000000         0x00040000         xr
*default*        0x00000000         0xffffffff

Linker script and memory map

LOAD C:/ST/STM32CubeIDE_1.15.1/STM32CubeIDE/plugins/com.st.stm32cube.ide.mcu.externaltools.gnu-tools-for-stm32.12.3.rel1.win32_1.0.100.202403111256/tools/bin/../lib/gcc/arm-none-eabi/12.3.1/thumb/v7e-m/nofp/crti.o
LOAD C:/ST/STM32CubeIDE_1.15.1/STM32CubeIDE/plugins/com.st.stm32cube.ide.mcu.externaltools.gnu-tools-for-stm32.12.3.rel1.win32_1.0.100.202403111256/tools/bin/../lib/gcc/arm-none-eabi/12.3.1/thumb/v7e-m/nofp/crtbegin.o
LOAD C:/ST/STM32CubeIDE_1.15.1/STM32CubeIDE/plugins/com.st.stm32cube.ide.mcu.externaltools.gnu-tools-for-stm32.12.3.rel1.win32_1.0.100.202403111256/tools/bin/../lib/gcc/arm-none-eabi/12.3.1/../../../../arm-none-eabi/lib/thumb/v7e-m/nofp/crt0.o
LOAD ./Core/Src/dma.o
LOAD ./Core/Src/gpio.o
LOAD ./Core/Src/i2c.o
LOAD ./Core/Src/main.o
LOAD ./Core/Src/rtc.o
LOAD ./Core/Src/stm32_lpm_if.o
LOAD ./Core/Src/stm32wlxx_hal_msp.o
LOAD ./Core/Src/stm32wlxx_it.o
LOAD ./Core/Src/subghz.o
LOAD ./Core/Src/sys_app.o
LOAD ./Core/Src/sys_debug.o
LOAD ./Core/Src/syscalls.o
LOAD ./Core/Src/sysmem.o
LOAD ./Core/Src/system_stm32wlxx.o
LOAD ./Core/Src/timer_if.o
LOAD ./Core/Src/usart.o
LOAD ./Core/Src/usart_if.o
LOAD ./Core/Startup/startup_stm32wl55jcix.o
LOAD ./Drivers/BSP/STM32WLxx_Nucleo/stm32wlxx_nucleo.o
LOAD ./Drivers/BSP/STM32WLxx_Nucleo/stm32wlxx_nucleo_radio.o
LOAD ./Drivers/STM32WLxx_HAL_Driver/Src/stm32wlxx_hal.o
LOAD ./Drivers/STM32WLxx_HAL_Driver/Src/stm32wlxx_hal_cortex.o
LOAD ./Drivers/STM32WLxx_HAL_Driver/Src/stm32wlxx_hal_dma.o
LOAD ./Drivers/STM32WLxx_HAL_Driver/Src/stm32wlxx_hal_dma_ex.o
LOAD ./Drivers/STM32WLxx_HAL_Driver/Src/stm32wlxx_hal_exti.o
LOAD ./Drivers/STM32WLxx_HAL_Driver/Src/stm32wlxx_hal_flash.o
LOAD ./Drivers/STM32WLxx_HAL_Driver/Src/stm32wlxx_hal_flash_ex.o
LOAD ./Drivers/STM32WLxx_HAL_Driver/Src/stm32wlxx_hal_gpio.o
LOAD ./Drivers/STM32WLxx_HAL_Driver/Src/stm32wlxx_hal_i2c.o
LOAD ./Drivers/STM32WLxx_HAL_Driver/Src/stm32wlxx_hal_i2c_ex.o
LOAD ./Drivers/STM32WLxx_HAL_Driver/Src/stm32wlxx_hal_pwr.o
LOAD ./Drivers/STM32WLxx_HAL_Driver/Src/stm32wlxx_hal_pwr_ex.o
LOAD ./Drivers/STM32WLxx_HAL_Driver/Src/stm32wlxx_hal_rcc.o
LOAD ./Drivers/STM32WLxx_HAL_Driver/Src/stm32wlxx_hal_rcc_ex.o
LOAD ./Drivers/STM32WLxx_HAL_Driver/Src/stm32wlxx_hal_rtc.o
LOAD ./Drivers/STM32WLxx_HAL_Driver/Src/stm32wlxx_hal_rtc_ex.o
LOAD ./Drivers/STM32WLxx_HAL_Driver/Src/stm32wlxx_hal_subghz.o
LOAD ./Drivers/STM32WLxx_HAL_Driver/Src/stm32wlxx_hal_tim.o
LOAD ./Drivers/STM32WLxx_HAL_Driver/Src/stm32wlxx_hal_tim_ex.o
LOAD ./Drivers/STM32WLxx_HAL_Driver/Src/stm32wlxx_hal_uart.o
LOAD ./Drivers/STM32WLxx_HAL_Driver/Src/stm32wlxx_hal_uart_ex.o
LOAD ./Middlewares/Third_Party/SubGHz_Phy/stm32_radio_driver/radio.o
LOAD ./Middlewares/Third_Party/SubGHz_Phy/stm32_radio_driver/radio_driver.o
LOAD ./Middlewares/Third_Party/SubGHz_Phy/stm32_radio_driver/radio_fw.o
LOAD ./SubGHz_Phy/App/app_subghz_phy.o
LOAD ./SubGHz_Phy/App/subghz_phy_app.o
LOAD ./SubGHz_Phy/Target/radio_board_if.o
LOAD ./Utilities/lpm/tiny_lpm/stm32_lpm.o
LOAD ./Utilities/misc/stm32_mem.o
LOAD ./Utilities/misc/stm32_systime.o
LOAD ./Utilities/misc/stm32_tiny_sscanf.o
LOAD ./Utilities/misc/stm32_tiny_vsnprintf.o
LOAD ./Utilities/sequencer/stm32_seq.o
LOAD ./Utilities/timer/stm32_timer.o
LOAD ./Utilities/trace/adv_trace/stm32_adv_trace.o
START GROUP
LOAD C:/ST/STM32CubeIDE_1.15.1/STM32CubeIDE/plugins/com.st.stm32cube.ide.mcu.externaltools.gnu-tools-for-stm32.12.3.rel1.win32_1.0.100.202403111256/tools/bin/../lib/gcc/arm-none-eabi/12.3.1/../../../../arm-none-eabi/lib/thumb/v7e-m/nofp\libc_nano.a
LOAD C:/ST/STM32CubeIDE_1.15.1/STM32CubeIDE/plugins/com.st.stm32cube.ide.mcu.externaltools.gnu-tools-for-stm32.12.3.rel1.win32_1.0.100.202403111256/tools/bin/../lib/gcc/arm-none-eabi/12.3.1/../../../../arm-none-eabi/lib/thumb/v7e-m/nofp\libm.a
END GROUP
START GROUP
LOAD C:/ST/STM32CubeIDE_1.15.1/STM32CubeIDE/plugins/com.st.stm32cube.ide.mcu.externaltools.gnu-tools-for-stm32.12.3.rel1.win32_1.0.100.202403111256/tools/bin/../lib/gcc/arm-none-eabi/12.3.1/thumb/v7e-m/nofp\libgcc.a
LOAD C:/ST/STM32CubeIDE_1.15.1/STM32CubeIDE/plugins/com.st.stm32cube.ide.mcu.externaltools.gnu-tools-for-stm32.12.3.rel1.win32_1.0.100.202403111256/tools/bin/../lib/gcc/arm-none-eabi/12.3.1/../../../../arm-none-eabi/lib/thumb/v7e-m/nofp\libc_nano.a
END GROUP
START GROUP
LOAD C:/ST/STM32CubeIDE_1.15.1/STM32CubeIDE/plugins/com.st.stm32cube.ide.mcu.externaltools.gnu-tools-for-stm32.12.3.rel1.win32_1.0.100.202403111256/tools/bin/../lib/gcc/arm-none-eabi/12.3.1/thumb/v7e-m/nofp\libgcc.a
LOAD C:/ST/STM32CubeIDE_1.15.1/STM32CubeIDE/plugins/com.st.stm32cube.ide.mcu.externaltools.gnu-tools-for-stm32.12.3.rel1.win32_1.0.100.202403111256/tools/bin/../lib/gcc/arm-none-eabi/12.3.1/../../../../arm-none-eabi/lib/thumb/v7e-m/nofp\libc_nano.a
LOAD C:/ST/STM32CubeIDE_1.15.1/STM32CubeIDE/plugins/com.st.stm32cube.ide.mcu.externaltools.gnu-tools-for-stm32.12.3.rel1.win32_1.0.100.202403111256/tools/bin/../lib/gcc/arm-none-eabi/12.3.1/../../../../arm-none-eabi/lib/thumb/v7e-m/nofp\libnosys.a
END GROUP
START GROUP
LOAD C:/ST/STM32CubeIDE_1.15.1/STM32CubeIDE/plugins/com.st.stm32cube.ide.mcu.externaltools.gnu-tools-for-stm32.12.3.rel1.win32_1.0.100.202403111256/tools/bin/../lib/gcc/arm-none-eabi/12.3.1/thumb/v7e-m/nofp\libgcc.a
LOAD C:/ST/STM32CubeIDE_1.15.1/STM32CubeIDE/plugins/com.st.stm32cube.ide.mcu.externaltools.gnu-tools-for-stm32.12.3.rel1.win32_1.0.100.202403111256/tools/bin/../lib/gcc/arm-none-eabi/12.3.1/../../../../arm-none-eabi/lib/thumb/v7e-m/nofp\libc_nano.a
LOAD C:/ST/STM32CubeIDE_1.15.1/STM32CubeIDE/plugins/com.st.stm32cube.ide.mcu.externaltools.gnu-tools-for-stm32.12.3.rel1.win32_1.0.100.202403111256/tools/bin/../lib/gcc/arm-none-eabi/12.3.1/../../../../arm-none-eabi/lib/thumb/v7e-m/nofp\libnosys.a
END GROUP
LOAD C:/ST/STM32CubeIDE_1.15.1/STM32CubeIDE/plugins/com.st.stm32cube.ide.mcu.externaltools.gnu-tools-for-stm32.12.3.rel1.win32_1.0.100.202403111256/tools/bin/../lib/gcc/arm-none-eabi/12.3.1/thumb/v7e-m/nofp/crtend.o
LOAD C:/ST/STM32CubeIDE_1.15.1/STM32CubeIDE/plugins/com.st.stm32cube.ide.mcu.externaltools.gnu-tools-for-stm32.12.3.rel1.win32_1.0.100.202403111256/tools/bin/../lib/gcc/arm-none-eabi/12.3.1/thumb/v7e-m/nofp/crtn.o
                0x20010000                        _estack = (ORIGIN (RAM) + LENGTH (RAM))
                0x00000200                        _Min_Heap_Size = 0x200
                0x00000800                        _Min_Stack_Size = 0x800

.isr_vector     0x08000000      0x138
                0x08000000                        . = ALIGN (0x4)
 *(.isr_vector)
 .isr_vector    0x08000000      0x138 ./Core/Startup/startup_stm32wl55jcix.o
                0x08000000                g_pfnVectors
                0x08000138                        . = ALIGN (0x4)

.text           0x08000138     0xd008
                0x08000138                        . = ALIGN (0x4)
 *(.text)
 .text          0x08000138       0x40 C:/ST/STM32CubeIDE_1.15.1/STM32CubeIDE/plugins/com.st.stm32cube.ide.mcu.externaltools.gnu-tools-for-stm32.12.3.rel1.win32_1.0.100.202403111256/tools/bin/../lib/gcc/arm-none-eabi/12.3.1/thumb/v7e-m/nofp/crtbegin.o
 .text          0x08000178       0x10 C:/ST/STM32CubeIDE_1.15.1/STM32CubeIDE/plugins/com.st.stm32cube.ide.mcu.externaltools.gnu-tools-for-stm32.12.3.rel1.win32_1.0.100.202403111256/tools/bin/../lib/gcc/arm-none-eabi/12.3.1/../../../../arm-none-eabi/lib/thumb/v7e-m/nofp\libc_nano.a(libc_a-strlen.o)
                0x08000178                strlen
 .text          0x08000188      0x21c C:/ST/STM32CubeIDE_1.15.1/STM32CubeIDE/plugins/com.st.stm32cube.ide.mcu.externaltools.gnu-tools-for-stm32.12.3.rel1.win32_1.0.100.202403111256/tools/bin/../lib/gcc/arm-none-eabi/12.3.1/thumb/v7e-m/nofp\libgcc.a(_arm_addsubsf3.o)
                0x08000188                __aeabi_frsub
                0x08000190                __subsf3
                0x08000190                __aeabi_fsub
                0x08000194                __aeabi_fadd
                0x08000194                __addsf3
                0x080002f4                __aeabi_ui2f
                0x080002f4                __floatunsisf
                0x080002fc                __aeabi_i2f
                0x080002fc                __floatsisf
                0x08000318                __aeabi_ul2f
                0x08000318                __floatundisf
                0x08000328                __aeabi_l2f
                0x08000328                __floatdisf
 .text          0x080003a4      0x2a0 C:/ST/STM32CubeIDE_1.15.1/STM32CubeIDE/plugins/com.st.stm32cube.ide.mcu.externaltools.gnu-tools-for-stm32.12.3.rel1.win32_1.0.100.202403111256/tools/bin/../lib/gcc/arm-none-eabi/12.3.1/thumb/v7e-m/nofp\libgcc.a(_arm_muldivsf3.o)
                0x080003a4                __mulsf3
                0x080003a4                __aeabi_fmul
                0x0800050c                __aeabi_fdiv
                0x0800050c                __divsf3
 .text          0x08000644       0x30 C:/ST/STM32CubeIDE_1.15.1/STM32CubeIDE/plugins/com.st.stm32cube.ide.mcu.externaltools.gnu-tools-for-stm32.12.3.rel1.win32_1.0.100.202403111256/tools/bin/../lib/gcc/arm-none-eabi/12.3.1/thumb/v7e-m/nofp\libgcc.a(_aeabi_uldivmod.o)
                0x08000644                __aeabi_uldivmod
 .text          0x08000674      0x2bc C:/ST/STM32CubeIDE_1.15.1/STM32CubeIDE/plugins/com.st.stm32cube.ide.mcu.externaltools.gnu-tools-for-stm32.12.3.rel1.win32_1.0.100.202403111256/tools/bin/../lib/gcc/arm-none-eabi/12.3.1/thumb/v7e-m/nofp\libgcc.a(_udivmoddi4.o)
                0x08000674                __udivmoddi4
 .text          0x08000930        0x4 C:/ST/STM32CubeIDE_1.15.1/STM32CubeIDE/plugins/com.st.stm32cube.ide.mcu.externaltools.gnu-tools-for-stm32.12.3.rel1.win32_1.0.100.202403111256/tools/bin/../lib/gcc/arm-none-eabi/12.3.1/thumb/v7e-m/nofp\libgcc.a(_dvmd_tls.o)
                0x08000930                __aeabi_idiv0
                0x08000930                __aeabi_ldiv0
 *(.text*)
 .text.LL_AHB1_GRP1_EnableClock
                0x08000934       0x30 ./Core/Src/dma.o
 .text.MX_DMA_Init
                0x08000964       0x24 ./Core/Src/dma.o
                0x08000964                MX_DMA_Init
 .text.LL_AHB2_GRP1_EnableClock
                0x08000988       0x30 ./Core/Src/gpio.o
 .text.MX_GPIO_Init
                0x080009b8       0xf8 ./Core/Src/gpio.o
                0x080009b8                MX_GPIO_Init
 .text.LL_AHB2_GRP1_EnableClock
                0x08000ab0       0x30 ./Core/Src/i2c.o
 .text.LL_APB1_GRP1_EnableClock
                0x08000ae0       0x30 ./Core/Src/i2c.o
 .text.MX_I2C2_Init
                0x08000b10       0x7c ./Core/Src/i2c.o
                0x08000b10                MX_I2C2_Init
 .text.HAL_I2C_MspInit
                0x08000b8c       0x8c ./Core/Src/i2c.o
                0x08000b8c                HAL_I2C_MspInit
 .text.LL_RCC_LSE_SetDriveCapability
                0x08000c18       0x2a ./Core/Src/main.o
 .text.main     0x08000c42       0x1e ./Core/Src/main.o
                0x08000c42                main
 .text.SystemClock_Config
                0x08000c60       0xb0 ./Core/Src/main.o
                0x08000c60                SystemClock_Config
 .text.Error_Handler
                0x08000d10        0xc ./Core/Src/main.o
                0x08000d10                Error_Handler
 .text.LL_RCC_EnableRTC
                0x08000d1c       0x20 ./Core/Src/rtc.o
 .text.LL_APB1_GRP1_EnableClock
                0x08000d3c       0x30 ./Core/Src/rtc.o
 .text.MX_RTC_Init
                0x08000d6c       0xa4 ./Core/Src/rtc.o
                0x08000d6c                MX_RTC_Init
 .text.HAL_RTC_MspInit
                0x08000e10       0x78 ./Core/Src/rtc.o
                0x08000e10                HAL_RTC_MspInit
 .text.LL_PWR_ClearFlag_C1STOP_C1STB
                0x08000e88       0x18 ./Core/Src/stm32_lpm_if.o
 .text.PWR_EnterOffMode
                0x08000ea0        0xc ./Core/Src/stm32_lpm_if.o
                0x08000ea0                PWR_EnterOffMode
 .text.PWR_ExitOffMode
                0x08000eac        0xc ./Core/Src/stm32_lpm_if.o
                0x08000eac                PWR_ExitOffMode
 .text.PWR_EnterStopMode
                0x08000eb8       0x16 ./Core/Src/stm32_lpm_if.o
                0x08000eb8                PWR_EnterStopMode
 .text.PWR_ExitStopMode
                0x08000ece       0x10 ./Core/Src/stm32_lpm_if.o
                0x08000ece                PWR_ExitStopMode
 .text.PWR_EnterSleepMode
                0x08000ede       0x14 ./Core/Src/stm32_lpm_if.o
                0x08000ede                PWR_EnterSleepMode
 .text.PWR_ExitSleepMode
                0x08000ef2        0xc ./Core/Src/stm32_lpm_if.o
                0x08000ef2                PWR_ExitSleepMode
 .text.HAL_MspInit
                0x08000efe        0xc ./Core/Src/stm32wlxx_hal_msp.o
                0x08000efe                HAL_MspInit
 .text.NMI_Handler
                0x08000f0a        0x8 ./Core/Src/stm32wlxx_it.o
                0x08000f0a                NMI_Handler
 .text.HardFault_Handler
                0x08000f12        0x8 ./Core/Src/stm32wlxx_it.o
                0x08000f12                HardFault_Handler
 .text.MemManage_Handler
                0x08000f1a        0x8 ./Core/Src/stm32wlxx_it.o
                0x08000f1a                MemManage_Handler
 .text.BusFault_Handler
                0x08000f22        0x8 ./Core/Src/stm32wlxx_it.o
                0x08000f22                BusFault_Handler
 .text.UsageFault_Handler
                0x08000f2a        0x8 ./Core/Src/stm32wlxx_it.o
                0x08000f2a                UsageFault_Handler
 .text.SVC_Handler
                0x08000f32        0xc ./Core/Src/stm32wlxx_it.o
                0x08000f32                SVC_Handler
 .text.DebugMon_Handler
                0x08000f3e        0xc ./Core/Src/stm32wlxx_it.o
                0x08000f3e                DebugMon_Handler
 .text.PendSV_Handler
                0x08000f4a        0xc ./Core/Src/stm32wlxx_it.o
                0x08000f4a                PendSV_Handler
 .text.SysTick_Handler
                0x08000f56        0xc ./Core/Src/stm32wlxx_it.o
                0x08000f56                SysTick_Handler
 *fill*         0x08000f62        0x2 
 .text.TAMP_STAMP_LSECSS_SSRU_IRQHandler
                0x08000f64       0x14 ./Core/Src/stm32wlxx_it.o
                0x08000f64                TAMP_STAMP_LSECSS_SSRU_IRQHandler
 .text.EXTI0_IRQHandler
                0x08000f78        0xe ./Core/Src/stm32wlxx_it.o
                0x08000f78                EXTI0_IRQHandler
 .text.EXTI1_IRQHandler
                0x08000f86        0xe ./Core/Src/stm32wlxx_it.o
                0x08000f86                EXTI1_IRQHandler
 .text.DMA1_Channel5_IRQHandler
                0x08000f94       0x14 ./Core/Src/stm32wlxx_it.o
                0x08000f94                DMA1_Channel5_IRQHandler
 .text.EXTI9_5_IRQHandler
                0x08000fa8        0xe ./Core/Src/stm32wlxx_it.o
                0x08000fa8                EXTI9_5_IRQHandler
 *fill*         0x08000fb6        0x2 
 .text.USART2_IRQHandler
                0x08000fb8       0x14 ./Core/Src/stm32wlxx_it.o
                0x08000fb8                USART2_IRQHandler
 .text.RTC_Alarm_IRQHandler
                0x08000fcc       0x14 ./Core/Src/stm32wlxx_it.o
                0x08000fcc                RTC_Alarm_IRQHandler
 .text.SUBGHZ_Radio_IRQHandler
                0x08000fe0       0x14 ./Core/Src/stm32wlxx_it.o
                0x08000fe0                SUBGHZ_Radio_IRQHandler
 .text.LL_APB3_GRP1_EnableClock
                0x08000ff4       0x30 ./Core/Src/subghz.o
 .text.MX_SUBGHZ_Init
                0x08001024       0x24 ./Core/Src/subghz.o
                0x08001024                MX_SUBGHZ_Init
 .text.HAL_SUBGHZ_MspInit
                0x08001048       0x26 ./Core/Src/subghz.o
                0x08001048                HAL_SUBGHZ_MspInit
 .text.LL_RCC_SetClkAfterWakeFromStop
                0x0800106e       0x26 ./Core/Src/sys_app.o
 .text.SystemApp_Init
                0x08001094       0x48 ./Core/Src/sys_app.o
                0x08001094                SystemApp_Init
 .text.UTIL_SEQ_Idle
                0x080010dc        0xc ./Core/Src/sys_app.o
                0x080010dc                UTIL_SEQ_Idle
 .text.TimestampNow
                0x080010e8       0x40 ./Core/Src/sys_app.o
 .text.UTIL_ADV_TRACE_PreSendHook
                0x08001128       0x10 ./Core/Src/sys_app.o
                0x08001128                UTIL_ADV_TRACE_PreSendHook
 .text.UTIL_ADV_TRACE_PostSendHook
                0x08001138       0x10 ./Core/Src/sys_app.o
                0x08001138                UTIL_ADV_TRACE_PostSendHook
 .text.tiny_snprintf_like
                0x08001148       0x2c ./Core/Src/sys_app.o
 .text.HAL_InitTick
                0x08001174       0x14 ./Core/Src/sys_app.o
                0x08001174                HAL_InitTick
 .text.HAL_GetTick
                0x08001188       0x28 ./Core/Src/sys_app.o
                0x08001188                HAL_GetTick
 .text.HAL_Delay
                0x080011b0       0x18 ./Core/Src/sys_app.o
                0x080011b0                HAL_Delay
 .text.LL_AHB2_GRP1_EnableClock
                0x080011c8       0x30 ./Core/Src/sys_debug.o
 .text.DBG_Init
                0x080011f8       0x7c ./Core/Src/sys_debug.o
                0x080011f8                DBG_Init
 .text.SystemInit
                0x08001274        0xc ./Core/Src/system_stm32wlxx.o
                0x08001274                SystemInit
 .text.LL_RTC_TIME_GetSubSecond
                0x08001280       0x16 ./Core/Src/timer_if.o
 *fill*         0x08001296        0x2 
 .text.TIMER_IF_Init
                0x08001298       0x64 ./Core/Src/timer_if.o
                0x08001298                TIMER_IF_Init
 .text.TIMER_IF_StartTimer
                0x080012fc       0x70 ./Core/Src/timer_if.o
                0x080012fc                TIMER_IF_StartTimer
 .text.TIMER_IF_StopTimer
                0x0800136c       0x34 ./Core/Src/timer_if.o
                0x0800136c                TIMER_IF_StopTimer
 .text.TIMER_IF_SetTimerContext
                0x080013a0       0x1c ./Core/Src/timer_if.o
                0x080013a0                TIMER_IF_SetTimerContext
 .text.TIMER_IF_GetTimerContext
                0x080013bc       0x14 ./Core/Src/timer_if.o
                0x080013bc                TIMER_IF_GetTimerContext
 .text.TIMER_IF_GetTimerElapsedTime
                0x080013d0       0x28 ./Core/Src/timer_if.o
                0x080013d0                TIMER_IF_GetTimerElapsedTime
 .text.TIMER_IF_GetTimerValue
                0x080013f8       0x28 ./Core/Src/timer_if.o
                0x080013f8                TIMER_IF_GetTimerValue
 .text.TIMER_IF_GetMinimumTimeout
                0x08001420       0x1a ./Core/Src/timer_if.o
                0x08001420                TIMER_IF_GetMinimumTimeout
 .text.TIMER_IF_Convert_ms2Tick
                0x0800143a       0x3a ./Core/Src/timer_if.o
                0x0800143a                TIMER_IF_Convert_ms2Tick
 .text.TIMER_IF_Convert_Tick2ms
                0x08001474       0x92 ./Core/Src/timer_if.o
                0x08001474                TIMER_IF_Convert_Tick2ms
 .text.TIMER_IF_DelayMs
                0x08001506       0x34 ./Core/Src/timer_if.o
                0x08001506                TIMER_IF_DelayMs
 .text.HAL_RTC_AlarmAEventCallback
                0x0800153a       0x14 ./Core/Src/timer_if.o
                0x0800153a                HAL_RTC_AlarmAEventCallback
 .text.HAL_RTCEx_SSRUEventCallback
                0x0800154e       0x20 ./Core/Src/timer_if.o
                0x0800154e                HAL_RTCEx_SSRUEventCallback
 .text.TIMER_IF_GetTime
                0x0800156e       0x8e ./Core/Src/timer_if.o
                0x0800156e                TIMER_IF_GetTime
 .text.TIMER_IF_BkUp_Write_Seconds
                0x080015fc       0x20 ./Core/Src/timer_if.o
                0x080015fc                TIMER_IF_BkUp_Write_Seconds
 .text.TIMER_IF_BkUp_Write_SubSeconds
                0x0800161c       0x20 ./Core/Src/timer_if.o
                0x0800161c                TIMER_IF_BkUp_Write_SubSeconds
 .text.TIMER_IF_BkUp_Read_Seconds
                0x0800163c       0x24 ./Core/Src/timer_if.o
                0x0800163c                TIMER_IF_BkUp_Read_Seconds
 .text.TIMER_IF_BkUp_Read_SubSeconds
                0x08001660       0x24 ./Core/Src/timer_if.o
                0x08001660                TIMER_IF_BkUp_Read_SubSeconds
 .text.TIMER_IF_BkUp_Write_MSBticks
                0x08001684       0x20 ./Core/Src/timer_if.o
 .text.TIMER_IF_BkUp_Read_MSBticks
                0x080016a4       0x20 ./Core/Src/timer_if.o
 .text.GetTimerTicks
                0x080016c4       0x38 ./Core/Src/timer_if.o
 .text.LL_AHB2_GRP1_EnableClock
                0x080016fc       0x30 ./Core/Src/usart.o
 .text.LL_APB1_GRP1_EnableClock
                0x0800172c       0x30 ./Core/Src/usart.o
 .text.LL_APB1_GRP1_DisableClock
                0x0800175c       0x24 ./Core/Src/usart.o
 .text.MX_USART2_UART_Init
                0x08001780       0x98 ./Core/Src/usart.o
                0x08001780                MX_USART2_UART_Init
 .text.HAL_UART_MspInit
                0x08001818      0x108 ./Core/Src/usart.o
                0x08001818                HAL_UART_MspInit
 .text.HAL_UART_MspDeInit
                0x08001920       0x40 ./Core/Src/usart.o
                0x08001920                HAL_UART_MspDeInit
 .text.LL_APB1_GRP1_ForceReset
                0x08001960       0x22 ./Core/Src/usart_if.o
 .text.LL_APB1_GRP1_ReleaseReset
                0x08001982       0x24 ./Core/Src/usart_if.o
 *fill*         0x080019a6        0x2 
 .text.LL_EXTI_EnableIT_0_31
                0x080019a8       0x28 ./Core/Src/usart_if.o
 .text.vcom_Init
                0x080019d0       0x2c ./Core/Src/usart_if.o
                0x080019d0                vcom_Init
 .text.vcom_DeInit
                0x080019fc       0x2c ./Core/Src/usart_if.o
                0x080019fc                vcom_DeInit
 .text.vcom_Trace_DMA
                0x08001a28       0x28 ./Core/Src/usart_if.o
                0x08001a28                vcom_Trace_DMA
 .text.vcom_ReceiveInit
                0x08001a50       0x7c ./Core/Src/usart_if.o
                0x08001a50                vcom_ReceiveInit
 .text.vcom_Resume
                0x08001acc       0x30 ./Core/Src/usart_if.o
                0x08001acc                vcom_Resume
 .text.HAL_UART_TxCpltCallback
                0x08001afc       0x2c ./Core/Src/usart_if.o
                0x08001afc                HAL_UART_TxCpltCallback
 .text.HAL_UART_RxCpltCallback
                0x08001b28       0x50 ./Core/Src/usart_if.o
                0x08001b28                HAL_UART_RxCpltCallback
 .text.Reset_Handler
                0x08001b78       0x50 ./Core/Startup/startup_stm32wl55jcix.o
                0x08001b78                Reset_Handler
 .text.Default_Handler
                0x08001bc8        0x2 ./Core/Startup/startup_stm32wl55jcix.o
                0x08001bc8                EXTI2_IRQHandler
                0x08001bc8                TIM1_CC_IRQHandler
                0x08001bc8                EXTI3_IRQHandler
                0x08001bc8                LPTIM2_IRQHandler
                0x08001bc8                I2C3_ER_IRQHandler
                0x08001bc8                LPTIM3_IRQHandler
                0x08001bc8                I2C2_EV_IRQHandler
                0x08001bc8                SPI1_IRQHandler
                0x08001bc8                DMA2_Channel2_IRQHandler
                0x08001bc8                DMA1_Channel4_IRQHandler
                0x08001bc8                PKA_IRQHandler
                0x08001bc8                TIM17_IRQHandler
                0x08001bc8                DMA1_Channel7_IRQHandler
                0x08001bc8                SUBGHZSPI_IRQHandler
                0x08001bc8                IPCC_C1_TX_IRQHandler
                0x08001bc8                DMA2_Channel1_IRQHandler
                0x08001bc8                I2C1_EV_IRQHandler
                0x08001bc8                DMAMUX1_OVR_IRQHandler
                0x08001bc8                DMA1_Channel6_IRQHandler
                0x08001bc8                TIM16_IRQHandler
                0x08001bc8                DMA2_Channel4_IRQHandler
                0x08001bc8                RCC_IRQHandler
                0x08001bc8                TIM1_TRG_COM_IRQHandler
                0x08001bc8                DMA1_Channel1_IRQHandler
                0x08001bc8                Default_Handler
                0x08001bc8                DMA2_Channel7_IRQHandler
                0x08001bc8                EXTI15_10_IRQHandler
                0x08001bc8                IPCC_C1_RX_IRQHandler
                0x08001bc8                ADC_IRQHandler
                0x08001bc8                C2SEV_PWR_C2H_IRQHandler
                0x08001bc8                I2C3_EV_IRQHandler
                0x08001bc8                RTC_WKUP_IRQHandler
                0x08001bc8                PVD_PVM_IRQHandler
                0x08001bc8                SPI2_IRQHandler
                0x08001bc8                DMA2_Channel5_IRQHandler
                0x08001bc8                EXTI4_IRQHandler
                0x08001bc8                RNG_IRQHandler
                0x08001bc8                DMA1_Channel3_IRQHandler
                0x08001bc8                COMP_IRQHandler
                0x08001bc8                HSEM_IRQHandler
                0x08001bc8                TIM1_UP_IRQHandler
                0x08001bc8                WWDG_IRQHandler
                0x08001bc8                LPUART1_IRQHandler
                0x08001bc8                DMA2_Channel6_IRQHandler
                0x08001bc8                TIM2_IRQHandler
                0x08001bc8                TIM1_BRK_IRQHandler
                0x08001bc8                DAC_IRQHandler
                0x08001bc8                AES_IRQHandler
                0x08001bc8                I2C2_ER_IRQHandler
                0x08001bc8                DMA1_Channel2_IRQHandler
                0x08001bc8                FLASH_IRQHandler
                0x08001bc8                USART1_IRQHandler
                0x08001bc8                I2C1_ER_IRQHandler
                0x08001bc8                LPTIM1_IRQHandler
                0x08001bc8                DMA2_Channel3_IRQHandler
 .text.LL_AHB2_GRP1_EnableClock
                0x08001bca       0x30 ./Drivers/BSP/STM32WLxx_Nucleo/stm32wlxx_nucleo_radio.o
 *fill*         0x08001bfa        0x2 
 .text.BSP_RADIO_Init
                0x08001bfc       0x7c ./Drivers/BSP/STM32WLxx_Nucleo/stm32wlxx_nucleo_radio.o
                0x08001bfc                BSP_RADIO_Init
 .text.BSP_RADIO_ConfigRFSwitch
                0x08001c78       0xb8 ./Drivers/BSP/STM32WLxx_Nucleo/stm32wlxx_nucleo_radio.o
                0x08001c78                BSP_RADIO_ConfigRFSwitch
 .text.BSP_RADIO_GetTxConfig
                0x08001d30        0xe ./Drivers/BSP/STM32WLxx_Nucleo/stm32wlxx_nucleo_radio.o
                0x08001d30                BSP_RADIO_GetTxConfig
 .text.BSP_RADIO_IsTCXO
                0x08001d3e        0xe ./Drivers/BSP/STM32WLxx_Nucleo/stm32wlxx_nucleo_radio.o
                0x08001d3e                BSP_RADIO_IsTCXO
 .text.BSP_RADIO_IsDCDC
                0x08001d4c        0xe ./Drivers/BSP/STM32WLxx_Nucleo/stm32wlxx_nucleo_radio.o
                0x08001d4c                BSP_RADIO_IsDCDC
 .text.BSP_RADIO_GetRFOMaxPowerConfig
                0x08001d5a       0x26 ./Drivers/BSP/STM32WLxx_Nucleo/stm32wlxx_nucleo_radio.o
                0x08001d5a                BSP_RADIO_GetRFOMaxPowerConfig
 .text.LL_DBGMCU_DisableDBGSleepMode
                0x08001d80       0x1c ./Drivers/STM32WLxx_HAL_Driver/Src/stm32wlxx_hal.o
 .text.LL_DBGMCU_DisableDBGStopMode
                0x08001d9c       0x1c ./Drivers/STM32WLxx_HAL_Driver/Src/stm32wlxx_hal.o
 .text.LL_DBGMCU_DisableDBGStandbyMode
                0x08001db8       0x1c ./Drivers/STM32WLxx_HAL_Driver/Src/stm32wlxx_hal.o
 .text.HAL_Init
                0x08001dd4       0x40 ./Drivers/STM32WLxx_HAL_Driver/Src/stm32wlxx_hal.o
                0x08001dd4                HAL_Init
 .text.HAL_SuspendTick
                0x08001e14       0x1c ./Drivers/STM32WLxx_HAL_Driver/Src/stm32wlxx_hal.o
                0x08001e14                HAL_SuspendTick
 .text.HAL_ResumeTick
                0x08001e30       0x1c ./Drivers/STM32WLxx_HAL_Driver/Src/stm32wlxx_hal.o
                0x08001e30                HAL_ResumeTick
 .text.HAL_DBGMCU_DisableDBGSleepMode
                0x08001e4c        0xc ./Drivers/STM32WLxx_HAL_Driver/Src/stm32wlxx_hal.o
                0x08001e4c                HAL_DBGMCU_DisableDBGSleepMode
 .text.HAL_DBGMCU_DisableDBGStopMode
                0x08001e58        0xc ./Drivers/STM32WLxx_HAL_Driver/Src/stm32wlxx_hal.o
                0x08001e58                HAL_DBGMCU_DisableDBGStopMode
 .text.HAL_DBGMCU_DisableDBGStandbyMode
                0x08001e64        0xc ./Drivers/STM32WLxx_HAL_Driver/Src/stm32wlxx_hal.o
                0x08001e64                HAL_DBGMCU_DisableDBGStandbyMode
 .text.__NVIC_SetPriorityGrouping
                0x08001e70       0x48 ./Drivers/STM32WLxx_HAL_Driver/Src/stm32wlxx_hal_cortex.o
 .text.__NVIC_GetPriorityGrouping
                0x08001eb8       0x1c ./Drivers/STM32WLxx_HAL_Driver/Src/stm32wlxx_hal_cortex.o
 .text.__NVIC_EnableIRQ
                0x08001ed4       0x38 ./Drivers/STM32WLxx_HAL_Driver/Src/stm32wlxx_hal_cortex.o
 .text.__NVIC_DisableIRQ
                0x08001f0c       0x48 ./Drivers/STM32WLxx_HAL_Driver/Src/stm32wlxx_hal_cortex.o
 .text.__NVIC_SetPriority
                0x08001f54       0x54 ./Drivers/STM32WLxx_HAL_Driver/Src/stm32wlxx_hal_cortex.o
 .text.NVIC_EncodePriority
                0x08001fa8       0x64 ./Drivers/STM32WLxx_HAL_Driver/Src/stm32wlxx_hal_cortex.o
 .text.HAL_NVIC_SetPriorityGrouping
                0x0800200c       0x16 ./Drivers/STM32WLxx_HAL_Driver/Src/stm32wlxx_hal_cortex.o
                0x0800200c                HAL_NVIC_SetPriorityGrouping
 .text.HAL_NVIC_SetPriority
                0x08002022       0x34 ./Drivers/STM32WLxx_HAL_Driver/Src/stm32wlxx_hal_cortex.o
                0x08002022                HAL_NVIC_SetPriority
 .text.HAL_NVIC_EnableIRQ
                0x08002056       0x1c ./Drivers/STM32WLxx_HAL_Driver/Src/stm32wlxx_hal_cortex.o
                0x08002056                HAL_NVIC_EnableIRQ
 .text.HAL_NVIC_DisableIRQ
                0x08002072       0x1c ./Drivers/STM32WLxx_HAL_Driver/Src/stm32wlxx_hal_cortex.o
                0x08002072                HAL_NVIC_DisableIRQ
 *fill*         0x0800208e        0x2 
 .text.HAL_DMA_Init
                0x08002090      0x150 ./Drivers/STM32WLxx_HAL_Driver/Src/stm32wlxx_hal_dma.o
                0x08002090                HAL_DMA_Init
 .text.HAL_DMA_DeInit
                0x080021e0      0x12c ./Drivers/STM32WLxx_HAL_Driver/Src/stm32wlxx_hal_dma.o
                0x080021e0                HAL_DMA_DeInit
 .text.HAL_DMA_Start_IT
                0x0800230c       0xfc ./Drivers/STM32WLxx_HAL_Driver/Src/stm32wlxx_hal_dma.o
                0x0800230c                HAL_DMA_Start_IT
 .text.HAL_DMA_Abort
                0x08002408       0xbc ./Drivers/STM32WLxx_HAL_Driver/Src/stm32wlxx_hal_dma.o
                0x08002408                HAL_DMA_Abort
 .text.HAL_DMA_Abort_IT
                0x080024c4       0xbe ./Drivers/STM32WLxx_HAL_Driver/Src/stm32wlxx_hal_dma.o
                0x080024c4                HAL_DMA_Abort_IT
 *fill*         0x08002582        0x2 
 .text.HAL_DMA_IRQHandler
                0x08002584      0x18c ./Drivers/STM32WLxx_HAL_Driver/Src/stm32wlxx_hal_dma.o
                0x08002584                HAL_DMA_IRQHandler
 .text.HAL_DMA_ConfigChannelAttributes
                0x08002710       0x5e ./Drivers/STM32WLxx_HAL_Driver/Src/stm32wlxx_hal_dma.o
                0x08002710                HAL_DMA_ConfigChannelAttributes
 .text.DMA_SetConfig
                0x0800276e       0x7a ./Drivers/STM32WLxx_HAL_Driver/Src/stm32wlxx_hal_dma.o
 .text.DMA_CalcDMAMUXChannelBaseAndMask
                0x080027e8       0x90 ./Drivers/STM32WLxx_HAL_Driver/Src/stm32wlxx_hal_dma.o
 .text.DMA_CalcDMAMUXRequestGenBaseAndMask
                0x08002878       0x48 ./Drivers/STM32WLxx_HAL_Driver/Src/stm32wlxx_hal_dma.o
 .text.HAL_GPIO_Init
                0x080028c0      0x2c0 ./Drivers/STM32WLxx_HAL_Driver/Src/stm32wlxx_hal_gpio.o
                0x080028c0                HAL_GPIO_Init
 .text.HAL_GPIO_DeInit
                0x08002b80      0x19c ./Drivers/STM32WLxx_HAL_Driver/Src/stm32wlxx_hal_gpio.o
                0x08002b80                HAL_GPIO_DeInit
 .text.HAL_GPIO_WritePin
                0x08002d1c       0x2e ./Drivers/STM32WLxx_HAL_Driver/Src/stm32wlxx_hal_gpio.o
                0x08002d1c                HAL_GPIO_WritePin
 *fill*         0x08002d4a        0x2 
 .text.HAL_GPIO_EXTI_IRQHandler
                0x08002d4c       0x30 ./Drivers/STM32WLxx_HAL_Driver/Src/stm32wlxx_hal_gpio.o
                0x08002d4c                HAL_GPIO_EXTI_IRQHandler
 .text.HAL_GPIO_EXTI_Callback
                0x08002d7c       0x14 ./Drivers/STM32WLxx_HAL_Driver/Src/stm32wlxx_hal_gpio.o
                0x08002d7c                HAL_GPIO_EXTI_Callback
 .text.HAL_I2C_Init
                0x08002d90      0x11e ./Drivers/STM32WLxx_HAL_Driver/Src/stm32wlxx_hal_i2c.o
                0x08002d90                HAL_I2C_Init
 *fill*         0x08002eae        0x2 
 .text.HAL_I2C_Mem_Write
                0x08002eb0      0x228 ./Drivers/STM32WLxx_HAL_Driver/Src/stm32wlxx_hal_i2c.o
                0x08002eb0                HAL_I2C_Mem_Write
 .text.HAL_I2C_Mem_Read
                0x080030d8      0x234 ./Drivers/STM32WLxx_HAL_Driver/Src/stm32wlxx_hal_i2c.o
                0x080030d8                HAL_I2C_Mem_Read
 .text.I2C_RequestMemoryWrite
                0x0800330c       0xa8 ./Drivers/STM32WLxx_HAL_Driver/Src/stm32wlxx_hal_i2c.o
 .text.I2C_RequestMemoryRead
                0x080033b4       0xa8 ./Drivers/STM32WLxx_HAL_Driver/Src/stm32wlxx_hal_i2c.o
 .text.I2C_Flush_TXDR
                0x0800345c       0x46 ./Drivers/STM32WLxx_HAL_Driver/Src/stm32wlxx_hal_i2c.o
 .text.I2C_WaitOnFlagUntilTimeout
                0x080034a2       0x80 ./Drivers/STM32WLxx_HAL_Driver/Src/stm32wlxx_hal_i2c.o
 .text.I2C_WaitOnTXISFlagUntilTimeout
                0x08003522       0x80 ./Drivers/STM32WLxx_HAL_Driver/Src/stm32wlxx_hal_i2c.o
 .text.I2C_WaitOnSTOPFlagUntilTimeout
                0x080035a2       0x78 ./Drivers/STM32WLxx_HAL_Driver/Src/stm32wlxx_hal_i2c.o
 *fill*         0x0800361a        0x2 
 .text.I2C_IsErrorOccurred
                0x0800361c      0x1d8 ./Drivers/STM32WLxx_HAL_Driver/Src/stm32wlxx_hal_i2c.o
 .text.I2C_TransferConfig
                0x080037f4       0x60 ./Drivers/STM32WLxx_HAL_Driver/Src/stm32wlxx_hal_i2c.o
 .text.HAL_I2CEx_ConfigAnalogFilter
                0x08003854       0x94 ./Drivers/STM32WLxx_HAL_Driver/Src/stm32wlxx_hal_i2c_ex.o
                0x08003854                HAL_I2CEx_ConfigAnalogFilter
 .text.HAL_I2CEx_ConfigDigitalFilter
                0x080038e8       0x96 ./Drivers/STM32WLxx_HAL_Driver/Src/stm32wlxx_hal_i2c_ex.o
                0x080038e8                HAL_I2CEx_ConfigDigitalFilter
 *fill*         0x0800397e        0x2 
 .text.HAL_PWR_EnableBkUpAccess
                0x08003980       0x1c ./Drivers/STM32WLxx_HAL_Driver/Src/stm32wlxx_hal_pwr.o
                0x08003980                HAL_PWR_EnableBkUpAccess
 .text.HAL_PWR_EnterSLEEPMode
                0x0800399c       0x68 ./Drivers/STM32WLxx_HAL_Driver/Src/stm32wlxx_hal_pwr.o
                0x0800399c                HAL_PWR_EnterSLEEPMode
 .text.HAL_PWREx_GetVoltageRange
                0x08003a04       0x18 ./Drivers/STM32WLxx_HAL_Driver/Src/stm32wlxx_hal_pwr_ex.o
                0x08003a04                HAL_PWREx_GetVoltageRange
 .text.HAL_PWREx_EnableLowPowerRunMode
                0x08003a1c       0x1c ./Drivers/STM32WLxx_HAL_Driver/Src/stm32wlxx_hal_pwr_ex.o
                0x08003a1c                HAL_PWREx_EnableLowPowerRunMode
 .text.HAL_PWREx_DisableLowPowerRunMode
                0x08003a38       0x6c ./Drivers/STM32WLxx_HAL_Driver/Src/stm32wlxx_hal_pwr_ex.o
                0x08003a38                HAL_PWREx_DisableLowPowerRunMode
 .text.HAL_PWREx_EnterSTOP2Mode
                0x08003aa4       0x54 ./Drivers/STM32WLxx_HAL_Driver/Src/stm32wlxx_hal_pwr_ex.o
                0x08003aa4                HAL_PWREx_EnterSTOP2Mode
 .text.LL_PWR_IsEnabledBkUpAccess
                0x08003af8       0x24 ./Drivers/STM32WLxx_HAL_Driver/Src/stm32wlxx_hal_rcc.o
 .text.LL_RCC_HSE_EnableTcxo
                0x08003b1c       0x1c ./Drivers/STM32WLxx_HAL_Driver/Src/stm32wlxx_hal_rcc.o
 .text.LL_RCC_HSE_DisableTcxo
                0x08003b38       0x1c ./Drivers/STM32WLxx_HAL_Driver/Src/stm32wlxx_hal_rcc.o
 .text.LL_RCC_HSE_IsEnabledDiv2
                0x08003b54       0x22 ./Drivers/STM32WLxx_HAL_Driver/Src/stm32wlxx_hal_rcc.o
 .text.LL_RCC_HSE_Enable
                0x08003b76       0x1c ./Drivers/STM32WLxx_HAL_Driver/Src/stm32wlxx_hal_rcc.o
 .text.LL_RCC_HSE_Disable
                0x08003b92       0x1c ./Drivers/STM32WLxx_HAL_Driver/Src/stm32wlxx_hal_rcc.o
 .text.LL_RCC_HSE_IsReady
                0x08003bae       0x22 ./Drivers/STM32WLxx_HAL_Driver/Src/stm32wlxx_hal_rcc.o
 .text.LL_RCC_HSI_Enable
                0x08003bd0       0x1c ./Drivers/STM32WLxx_HAL_Driver/Src/stm32wlxx_hal_rcc.o
 .text.LL_RCC_HSI_Disable
                0x08003bec       0x1c ./Drivers/STM32WLxx_HAL_Driver/Src/stm32wlxx_hal_rcc.o
 .text.LL_RCC_HSI_IsReady
                0x08003c08       0x22 ./Drivers/STM32WLxx_HAL_Driver/Src/stm32wlxx_hal_rcc.o
 .text.LL_RCC_HSI_SetCalibTrimming
                0x08003c2a       0x28 ./Drivers/STM32WLxx_HAL_Driver/Src/stm32wlxx_hal_rcc.o
 .text.LL_RCC_LSE_IsReady
                0x08003c52       0x22 ./Drivers/STM32WLxx_HAL_Driver/Src/stm32wlxx_hal_rcc.o
 .text.LL_RCC_LSI_Enable
                0x08003c74       0x20 ./Drivers/STM32WLxx_HAL_Driver/Src/stm32wlxx_hal_rcc.o
 .text.LL_RCC_LSI_Disable
                0x08003c94       0x20 ./Drivers/STM32WLxx_HAL_Driver/Src/stm32wlxx_hal_rcc.o
 .text.LL_RCC_LSI_IsReady
                0x08003cb4       0x22 ./Drivers/STM32WLxx_HAL_Driver/Src/stm32wlxx_hal_rcc.o
 .text.LL_RCC_MSI_Enable
                0x08003cd6       0x1c ./Drivers/STM32WLxx_HAL_Driver/Src/stm32wlxx_hal_rcc.o
 .text.LL_RCC_MSI_Disable
                0x08003cf2       0x1c ./Drivers/STM32WLxx_HAL_Driver/Src/stm32wlxx_hal_rcc.o
 .text.LL_RCC_MSI_IsReady
                0x08003d0e       0x20 ./Drivers/STM32WLxx_HAL_Driver/Src/stm32wlxx_hal_rcc.o
 .text.LL_RCC_MSI_IsEnabledRangeSelect
                0x08003d2e       0x20 ./Drivers/STM32WLxx_HAL_Driver/Src/stm32wlxx_hal_rcc.o
 .text.LL_RCC_MSI_GetRange
                0x08003d4e       0x16 ./Drivers/STM32WLxx_HAL_Driver/Src/stm32wlxx_hal_rcc.o
 .text.LL_RCC_MSI_GetRangeAfterStandby
                0x08003d64       0x18 ./Drivers/STM32WLxx_HAL_Driver/Src/stm32wlxx_hal_rcc.o
 .text.LL_RCC_MSI_SetCalibTrimming
                0x08003d7c       0x28 ./Drivers/STM32WLxx_HAL_Driver/Src/stm32wlxx_hal_rcc.o
 .text.LL_RCC_SetSysClkSource
                0x08003da4       0x26 ./Drivers/STM32WLxx_HAL_Driver/Src/stm32wlxx_hal_rcc.o
 .text.LL_RCC_GetSysClkSource
                0x08003dca       0x16 ./Drivers/STM32WLxx_HAL_Driver/Src/stm32wlxx_hal_rcc.o
 .text.LL_RCC_SetAHBPrescaler
                0x08003de0       0x26 ./Drivers/STM32WLxx_HAL_Driver/Src/stm32wlxx_hal_rcc.o
 .text.LL_C2_RCC_SetAHBPrescaler
                0x08003e06       0x2a ./Drivers/STM32WLxx_HAL_Driver/Src/stm32wlxx_hal_rcc.o
 .text.LL_RCC_SetAHB3Prescaler
                0x08003e30       0x2c ./Drivers/STM32WLxx_HAL_Driver/Src/stm32wlxx_hal_rcc.o
 .text.LL_RCC_SetAPB1Prescaler
                0x08003e5c       0x26 ./Drivers/STM32WLxx_HAL_Driver/Src/stm32wlxx_hal_rcc.o
 .text.LL_RCC_SetAPB2Prescaler
                0x08003e82       0x26 ./Drivers/STM32WLxx_HAL_Driver/Src/stm32wlxx_hal_rcc.o
 .text.LL_RCC_GetAHBPrescaler
                0x08003ea8       0x16 ./Drivers/STM32WLxx_HAL_Driver/Src/stm32wlxx_hal_rcc.o
 .text.LL_RCC_GetAHB3Prescaler
                0x08003ebe       0x1a ./Drivers/STM32WLxx_HAL_Driver/Src/stm32wlxx_hal_rcc.o
 .text.LL_RCC_GetAPB1Prescaler
                0x08003ed8       0x16 ./Drivers/STM32WLxx_HAL_Driver/Src/stm32wlxx_hal_rcc.o
 .text.LL_RCC_GetAPB2Prescaler
                0x08003eee       0x16 ./Drivers/STM32WLxx_HAL_Driver/Src/stm32wlxx_hal_rcc.o
 .text.LL_RCC_PLL_Enable
                0x08003f04       0x1c ./Drivers/STM32WLxx_HAL_Driver/Src/stm32wlxx_hal_rcc.o
 .text.LL_RCC_PLL_Disable
                0x08003f20       0x1c ./Drivers/STM32WLxx_HAL_Driver/Src/stm32wlxx_hal_rcc.o
 .text.LL_RCC_PLL_IsReady
                0x08003f3c       0x22 ./Drivers/STM32WLxx_HAL_Driver/Src/stm32wlxx_hal_rcc.o
 .text.LL_RCC_PLL_GetN
                0x08003f5e       0x18 ./Drivers/STM32WLxx_HAL_Driver/Src/stm32wlxx_hal_rcc.o
 .text.LL_RCC_PLL_GetR
                0x08003f76       0x16 ./Drivers/STM32WLxx_HAL_Driver/Src/stm32wlxx_hal_rcc.o
 .text.LL_RCC_PLL_GetDivider
                0x08003f8c       0x16 ./Drivers/STM32WLxx_HAL_Driver/Src/stm32wlxx_hal_rcc.o
 .text.LL_RCC_PLL_GetMainSource
                0x08003fa2       0x16 ./Drivers/STM32WLxx_HAL_Driver/Src/stm32wlxx_hal_rcc.o
 .text.LL_RCC_IsActiveFlag_HPRE
                0x08003fb8       0x22 ./Drivers/STM32WLxx_HAL_Driver/Src/stm32wlxx_hal_rcc.o
 .text.LL_RCC_IsActiveFlag_C2HPRE
                0x08003fda       0x24 ./Drivers/STM32WLxx_HAL_Driver/Src/stm32wlxx_hal_rcc.o
 .text.LL_RCC_IsActiveFlag_SHDHPRE
                0x08003ffe       0x24 ./Drivers/STM32WLxx_HAL_Driver/Src/stm32wlxx_hal_rcc.o
 .text.LL_RCC_IsActiveFlag_PPRE1
                0x08004022       0x22 ./Drivers/STM32WLxx_HAL_Driver/Src/stm32wlxx_hal_rcc.o
 .text.LL_RCC_IsActiveFlag_PPRE2
                0x08004044       0x22 ./Drivers/STM32WLxx_HAL_Driver/Src/stm32wlxx_hal_rcc.o
 *fill*         0x08004066        0x2 
 .text.HAL_RCC_OscConfig
                0x08004068      0x738 ./Drivers/STM32WLxx_HAL_Driver/Src/stm32wlxx_hal_rcc.o
                0x08004068                HAL_RCC_OscConfig
 .text.HAL_RCC_ClockConfig
                0x080047a0      0x284 ./Drivers/STM32WLxx_HAL_Driver/Src/stm32wlxx_hal_rcc.o
                0x080047a0                HAL_RCC_ClockConfig
 .text.HAL_RCC_GetSysClockFreq
                0x08004a24      0x140 ./Drivers/STM32WLxx_HAL_Driver/Src/stm32wlxx_hal_rcc.o
                0x08004a24                HAL_RCC_GetSysClockFreq
 .text.HAL_RCC_GetHCLKFreq
                0x08004b64       0x28 ./Drivers/STM32WLxx_HAL_Driver/Src/stm32wlxx_hal_rcc.o
                0x08004b64                HAL_RCC_GetHCLKFreq
 .text.HAL_RCC_GetPCLK1Freq
                0x08004b8c       0x24 ./Drivers/STM32WLxx_HAL_Driver/Src/stm32wlxx_hal_rcc.o
                0x08004b8c                HAL_RCC_GetPCLK1Freq
 .text.HAL_RCC_GetPCLK2Freq
                0x08004bb0       0x24 ./Drivers/STM32WLxx_HAL_Driver/Src/stm32wlxx_hal_rcc.o
                0x08004bb0                HAL_RCC_GetPCLK2Freq
 .text.RCC_SetFlashLatencyFromMSIRange
                0x08004bd4       0x60 ./Drivers/STM32WLxx_HAL_Driver/Src/stm32wlxx_hal_rcc.o
 .text.RCC_SetFlashLatency
                0x08004c34      0x104 ./Drivers/STM32WLxx_HAL_Driver/Src/stm32wlxx_hal_rcc.o
 .text.LL_RCC_LSE_IsReady
                0x08004d38       0x22 ./Drivers/STM32WLxx_HAL_Driver/Src/stm32wlxx_hal_rcc_ex.o
 .text.LL_RCC_SetUSARTClockSource
                0x08004d5a       0x30 ./Drivers/STM32WLxx_HAL_Driver/Src/stm32wlxx_hal_rcc_ex.o
 .text.LL_RCC_SetI2SClockSource
                0x08004d8a       0x2a ./Drivers/STM32WLxx_HAL_Driver/Src/stm32wlxx_hal_rcc_ex.o
 .text.LL_RCC_SetLPUARTClockSource
                0x08004db4       0x2a ./Drivers/STM32WLxx_HAL_Driver/Src/stm32wlxx_hal_rcc_ex.o
 .text.LL_RCC_SetI2CClockSource
                0x08004dde       0x38 ./Drivers/STM32WLxx_HAL_Driver/Src/stm32wlxx_hal_rcc_ex.o
 .text.LL_RCC_SetLPTIMClockSource
                0x08004e16       0x32 ./Drivers/STM32WLxx_HAL_Driver/Src/stm32wlxx_hal_rcc_ex.o
 .text.LL_RCC_SetRNGClockSource
                0x08004e48       0x2a ./Drivers/STM32WLxx_HAL_Driver/Src/stm32wlxx_hal_rcc_ex.o
 .text.LL_RCC_SetADCClockSource
                0x08004e72       0x2a ./Drivers/STM32WLxx_HAL_Driver/Src/stm32wlxx_hal_rcc_ex.o
 .text.LL_RCC_SetRTCClockSource
                0x08004e9c       0x2a ./Drivers/STM32WLxx_HAL_Driver/Src/stm32wlxx_hal_rcc_ex.o
 .text.LL_RCC_GetRTCClockSource
                0x08004ec6       0x18 ./Drivers/STM32WLxx_HAL_Driver/Src/stm32wlxx_hal_rcc_ex.o
 .text.LL_RCC_ForceBackupDomainReset
                0x08004ede       0x20 ./Drivers/STM32WLxx_HAL_Driver/Src/stm32wlxx_hal_rcc_ex.o
 .text.LL_RCC_ReleaseBackupDomainReset
                0x08004efe       0x20 ./Drivers/STM32WLxx_HAL_Driver/Src/stm32wlxx_hal_rcc_ex.o
 *fill*         0x08004f1e        0x2 
 .text.HAL_RCCEx_PeriphCLKConfig
                0x08004f20      0x234 ./Drivers/STM32WLxx_HAL_Driver/Src/stm32wlxx_hal_rcc_ex.o
                0x08004f20                HAL_RCCEx_PeriphCLKConfig
 .text.HAL_RTC_Init
                0x08005154       0xf4 ./Drivers/STM32WLxx_HAL_Driver/Src/stm32wlxx_hal_rtc.o
                0x08005154                HAL_RTC_Init
 .text.HAL_RTC_SetAlarm_IT
                0x08005248      0x218 ./Drivers/STM32WLxx_HAL_Driver/Src/stm32wlxx_hal_rtc.o
                0x08005248                HAL_RTC_SetAlarm_IT
 .text.HAL_RTC_DeactivateAlarm
                0x08005460       0xb8 ./Drivers/STM32WLxx_HAL_Driver/Src/stm32wlxx_hal_rtc.o
                0x08005460                HAL_RTC_DeactivateAlarm
 .text.HAL_RTC_AlarmIRQHandler
                0x08005518       0x54 ./Drivers/STM32WLxx_HAL_Driver/Src/stm32wlxx_hal_rtc.o
                0x08005518                HAL_RTC_AlarmIRQHandler
 .text.HAL_RTC_WaitForSynchro
                0x0800556c       0x4c ./Drivers/STM32WLxx_HAL_Driver/Src/stm32wlxx_hal_rtc.o
                0x0800556c                HAL_RTC_WaitForSynchro
 .text.RTC_EnterInitMode
                0x080055b8       0x68 ./Drivers/STM32WLxx_HAL_Driver/Src/stm32wlxx_hal_rtc.o
                0x080055b8                RTC_EnterInitMode
 .text.RTC_ExitInitMode
                0x08005620       0x7c ./Drivers/STM32WLxx_HAL_Driver/Src/stm32wlxx_hal_rtc.o
                0x08005620                RTC_ExitInitMode
 .text.RTC_ByteToBcd2
                0x0800569c       0x3e ./Drivers/STM32WLxx_HAL_Driver/Src/stm32wlxx_hal_rtc.o
                0x0800569c                RTC_ByteToBcd2
 *fill*         0x080056da        0x2 
 .text.HAL_RTCEx_EnableBypassShadow
                0x080056dc       0x64 ./Drivers/STM32WLxx_HAL_Driver/Src/stm32wlxx_hal_rtc_ex.o
                0x080056dc                HAL_RTCEx_EnableBypassShadow
 .text.HAL_RTCEx_SetSSRU_IT
                0x08005740       0x78 ./Drivers/STM32WLxx_HAL_Driver/Src/stm32wlxx_hal_rtc_ex.o
                0x08005740                HAL_RTCEx_SetSSRU_IT
 .text.HAL_RTCEx_SSRUIRQHandler
                0x080057b8       0x34 ./Drivers/STM32WLxx_HAL_Driver/Src/stm32wlxx_hal_rtc_ex.o
                0x080057b8                HAL_RTCEx_SSRUIRQHandler
 .text.HAL_RTCEx_AlarmBEventCallback
                0x080057ec       0x12 ./Drivers/STM32WLxx_HAL_Driver/Src/stm32wlxx_hal_rtc_ex.o
                0x080057ec                HAL_RTCEx_AlarmBEventCallback
 *fill*         0x080057fe        0x2 
 .text.HAL_RTCEx_BKUPWrite
                0x08005800       0x30 ./Drivers/STM32WLxx_HAL_Driver/Src/stm32wlxx_hal_rtc_ex.o
                0x08005800                HAL_RTCEx_BKUPWrite
 .text.HAL_RTCEx_BKUPRead
                0x08005830       0x2c ./Drivers/STM32WLxx_HAL_Driver/Src/stm32wlxx_hal_rtc_ex.o
                0x08005830                HAL_RTCEx_BKUPRead
 .text.LL_PWR_SetRadioBusyTrigger
                0x0800585c       0x28 ./Drivers/STM32WLxx_HAL_Driver/Src/stm32wlxx_hal_subghz.o
 .text.LL_PWR_UnselectSUBGHZSPI_NSS
                0x08005884       0x20 ./Drivers/STM32WLxx_HAL_Driver/Src/stm32wlxx_hal_subghz.o
 .text.LL_PWR_SelectSUBGHZSPI_NSS
                0x080058a4       0x20 ./Drivers/STM32WLxx_HAL_Driver/Src/stm32wlxx_hal_subghz.o
 .text.LL_PWR_ClearFlag_RFBUSY
                0x080058c4       0x18 ./Drivers/STM32WLxx_HAL_Driver/Src/stm32wlxx_hal_subghz.o
 .text.LL_PWR_IsActiveFlag_RFBUSYS
                0x080058dc       0x24 ./Drivers/STM32WLxx_HAL_Driver/Src/stm32wlxx_hal_subghz.o
 .text.LL_PWR_IsActiveFlag_RFBUSYMS
                0x08005900       0x24 ./Drivers/STM32WLxx_HAL_Driver/Src/stm32wlxx_hal_subghz.o
 .text.LL_RCC_RF_DisableReset
                0x08005924       0x20 ./Drivers/STM32WLxx_HAL_Driver/Src/stm32wlxx_hal_subghz.o
 .text.LL_RCC_IsRFUnderReset
                0x08005944       0x24 ./Drivers/STM32WLxx_HAL_Driver/Src/stm32wlxx_hal_subghz.o
 .text.LL_EXTI_EnableIT_32_63
                0x08005968       0x28 ./Drivers/STM32WLxx_HAL_Driver/Src/stm32wlxx_hal_subghz.o
 .text.HAL_SUBGHZ_Init
                0x08005990       0xbc ./Drivers/STM32WLxx_HAL_Driver/Src/stm32wlxx_hal_subghz.o
                0x08005990                HAL_SUBGHZ_Init
 .text.HAL_SUBGHZ_WriteRegisters
                0x08005a4c       0xbe ./Drivers/STM32WLxx_HAL_Driver/Src/stm32wlxx_hal_subghz.o
                0x08005a4c                HAL_SUBGHZ_WriteRegisters
 .text.HAL_SUBGHZ_ReadRegisters
                0x08005b0a       0xc2 ./Drivers/STM32WLxx_HAL_Driver/Src/stm32wlxx_hal_subghz.o
                0x08005b0a                HAL_SUBGHZ_ReadRegisters
 .text.HAL_SUBGHZ_ExecSetCmd
                0x08005bcc       0xbe ./Drivers/STM32WLxx_HAL_Driver/Src/stm32wlxx_hal_subghz.o
                0x08005bcc                HAL_SUBGHZ_ExecSetCmd
 .text.HAL_SUBGHZ_ExecGetCmd
                0x08005c8a       0xa8 ./Drivers/STM32WLxx_HAL_Driver/Src/stm32wlxx_hal_subghz.o
                0x08005c8a                HAL_SUBGHZ_ExecGetCmd
 .text.HAL_SUBGHZ_WriteBuffer
                0x08005d32       0xa6 ./Drivers/STM32WLxx_HAL_Driver/Src/stm32wlxx_hal_subghz.o
                0x08005d32                HAL_SUBGHZ_WriteBuffer
 .text.HAL_SUBGHZ_ReadBuffer
                0x08005dd8       0xb0 ./Drivers/STM32WLxx_HAL_Driver/Src/stm32wlxx_hal_subghz.o
                0x08005dd8                HAL_SUBGHZ_ReadBuffer
 .text.HAL_SUBGHZ_IRQHandler
                0x08005e88       0xea ./Drivers/STM32WLxx_HAL_Driver/Src/stm32wlxx_hal_subghz.o
                0x08005e88                HAL_SUBGHZ_IRQHandler
 *fill*         0x08005f72        0x2 
 .text.SUBGHZSPI_Init
                0x08005f74       0x40 ./Drivers/STM32WLxx_HAL_Driver/Src/stm32wlxx_hal_subghz.o
                0x08005f74                SUBGHZSPI_Init
 .text.SUBGHZSPI_Transmit
                0x08005fb4       0xac ./Drivers/STM32WLxx_HAL_Driver/Src/stm32wlxx_hal_subghz.o
                0x08005fb4                SUBGHZSPI_Transmit
 .text.SUBGHZSPI_Receive
                0x08006060       0xb0 ./Drivers/STM32WLxx_HAL_Driver/Src/stm32wlxx_hal_subghz.o
                0x08006060                SUBGHZSPI_Receive
 .text.SUBGHZ_CheckDeviceReady
                0x08006110       0x48 ./Drivers/STM32WLxx_HAL_Driver/Src/stm32wlxx_hal_subghz.o
                0x08006110                SUBGHZ_CheckDeviceReady
 .text.SUBGHZ_WaitOnBusy
                0x08006158       0x5c ./Drivers/STM32WLxx_HAL_Driver/Src/stm32wlxx_hal_subghz.o
                0x08006158                SUBGHZ_WaitOnBusy
 .text.LL_RCC_GetUSARTClockSource
                0x080061b4       0x24 ./Drivers/STM32WLxx_HAL_Driver/Src/stm32wlxx_hal_uart.o
 .text.LL_RCC_GetLPUARTClockSource
                0x080061d8       0x1e ./Drivers/STM32WLxx_HAL_Driver/Src/stm32wlxx_hal_uart.o
 .text.HAL_UART_Init
                0x080061f6       0xa0 ./Drivers/STM32WLxx_HAL_Driver/Src/stm32wlxx_hal_uart.o
                0x080061f6                HAL_UART_Init
 *fill*         0x08006296        0x2 
 .text.HAL_UART_Receive_IT
                0x08006298       0xac ./Drivers/STM32WLxx_HAL_Driver/Src/stm32wlxx_hal_uart.o
                0x08006298                HAL_UART_Receive_IT
 .text.HAL_UART_Transmit_DMA
                0x08006344      0x124 ./Drivers/STM32WLxx_HAL_Driver/Src/stm32wlxx_hal_uart.o
                0x08006344                HAL_UART_Transmit_DMA
 .text.HAL_UART_IRQHandler
                0x08006468      0x630 ./Drivers/STM32WLxx_HAL_Driver/Src/stm32wlxx_hal_uart.o
                0x08006468                HAL_UART_IRQHandler
 .text.HAL_UART_TxHalfCpltCallback
                0x08006a98       0x12 ./Drivers/STM32WLxx_HAL_Driver/Src/stm32wlxx_hal_uart.o
                0x08006a98                HAL_UART_TxHalfCpltCallback
 .text.HAL_UART_ErrorCallback
                0x08006aaa       0x12 ./Drivers/STM32WLxx_HAL_Driver/Src/stm32wlxx_hal_uart.o
                0x08006aaa                HAL_UART_ErrorCallback
 .text.HAL_UARTEx_RxEventCallback
                0x08006abc       0x16 ./Drivers/STM32WLxx_HAL_Driver/Src/stm32wlxx_hal_uart.o
                0x08006abc                HAL_UARTEx_RxEventCallback
 *fill*         0x08006ad2        0x2 
 .text.UART_SetConfig
                0x08006ad4      0x4e8 ./Drivers/STM32WLxx_HAL_Driver/Src/stm32wlxx_hal_uart.o
                0x08006ad4                UART_SetConfig
 .text.UART_AdvFeatureConfig
                0x08006fbc      0x142 ./Drivers/STM32WLxx_HAL_Driver/Src/stm32wlxx_hal_uart.o
                0x08006fbc                UART_AdvFeatureConfig
 .text.UART_CheckIdleState
                0x080070fe       0x96 ./Drivers/STM32WLxx_HAL_Driver/Src/stm32wlxx_hal_uart.o
                0x080070fe                UART_CheckIdleState
 .text.UART_WaitOnFlagUntilTimeout
                0x08007194      0x190 ./Drivers/STM32WLxx_HAL_Driver/Src/stm32wlxx_hal_uart.o
                0x08007194                UART_WaitOnFlagUntilTimeout
 .text.UART_Start_Receive_IT
                0x08007324      0x250 ./Drivers/STM32WLxx_HAL_Driver/Src/stm32wlxx_hal_uart.o
                0x08007324                UART_Start_Receive_IT
 .text.UART_EndTxTransfer
                0x08007574       0x80 ./Drivers/STM32WLxx_HAL_Driver/Src/stm32wlxx_hal_uart.o
 .text.UART_EndRxTransfer
                0x080075f4       0xca ./Drivers/STM32WLxx_HAL_Driver/Src/stm32wlxx_hal_uart.o
 .text.UART_DMATransmitCplt
                0x080076be       0x9a ./Drivers/STM32WLxx_HAL_Driver/Src/stm32wlxx_hal_uart.o
 .text.UART_DMATxHalfCplt
                0x08007758       0x1c ./Drivers/STM32WLxx_HAL_Driver/Src/stm32wlxx_hal_uart.o
 .text.UART_DMAError
                0x08007774       0x80 ./Drivers/STM32WLxx_HAL_Driver/Src/stm32wlxx_hal_uart.o
 .text.UART_DMAAbortOnError
                0x080077f4       0x2c ./Drivers/STM32WLxx_HAL_Driver/Src/stm32wlxx_hal_uart.o
 .text.UART_EndTransmit_IT
                0x08007820       0x56 ./Drivers/STM32WLxx_HAL_Driver/Src/stm32wlxx_hal_uart.o
 .text.UART_RxISR_8BIT
                0x08007876      0x160 ./Drivers/STM32WLxx_HAL_Driver/Src/stm32wlxx_hal_uart.o
 .text.UART_RxISR_16BIT
                0x080079d6      0x160 ./Drivers/STM32WLxx_HAL_Driver/Src/stm32wlxx_hal_uart.o
 *fill*         0x08007b36        0x2 
 .text.UART_RxISR_8BIT_FIFOEN
                0x08007b38      0x2f8 ./Drivers/STM32WLxx_HAL_Driver/Src/stm32wlxx_hal_uart.o
 .text.UART_RxISR_16BIT_FIFOEN
                0x08007e30      0x300 ./Drivers/STM32WLxx_HAL_Driver/Src/stm32wlxx_hal_uart.o
 .text.HAL_UARTEx_WakeupCallback
                0x08008130       0x12 ./Drivers/STM32WLxx_HAL_Driver/Src/stm32wlxx_hal_uart_ex.o
                0x08008130                HAL_UARTEx_WakeupCallback
 .text.HAL_UARTEx_RxFifoFullCallback
                0x08008142       0x12 ./Drivers/STM32WLxx_HAL_Driver/Src/stm32wlxx_hal_uart_ex.o
                0x08008142                HAL_UARTEx_RxFifoFullCallback
 .text.HAL_UARTEx_TxFifoEmptyCallback
                0x08008154       0x12 ./Drivers/STM32WLxx_HAL_Driver/Src/stm32wlxx_hal_uart_ex.o
                0x08008154                HAL_UARTEx_TxFifoEmptyCallback
 .text.HAL_UARTEx_StopModeWakeUpSourceConfig
                0x08008166       0xb6 ./Drivers/STM32WLxx_HAL_Driver/Src/stm32wlxx_hal_uart_ex.o
                0x08008166                HAL_UARTEx_StopModeWakeUpSourceConfig
 .text.HAL_UARTEx_EnableStopMode
                0x0800821c       0x64 ./Drivers/STM32WLxx_HAL_Driver/Src/stm32wlxx_hal_uart_ex.o
                0x0800821c                HAL_UARTEx_EnableStopMode
 .text.HAL_UARTEx_EnableFifoMode
                0x08008280       0x76 ./Drivers/STM32WLxx_HAL_Driver/Src/stm32wlxx_hal_uart_ex.o
                0x08008280                HAL_UARTEx_EnableFifoMode
 .text.HAL_UARTEx_SetTxFifoThreshold
                0x080082f6       0x7c ./Drivers/STM32WLxx_HAL_Driver/Src/stm32wlxx_hal_uart_ex.o
                0x080082f6                HAL_UARTEx_SetTxFifoThreshold
 .text.HAL_UARTEx_SetRxFifoThreshold
                0x08008372       0x7c ./Drivers/STM32WLxx_HAL_Driver/Src/stm32wlxx_hal_uart_ex.o
                0x08008372                HAL_UARTEx_SetRxFifoThreshold
 .text.UARTEx_Wakeup_AddressConfig
                0x080083ee       0x44 ./Drivers/STM32WLxx_HAL_Driver/Src/stm32wlxx_hal_uart_ex.o
 *fill*         0x08008432        0x2 
 .text.UARTEx_SetNbDataToProcess
                0x08008434       0x98 ./Drivers/STM32WLxx_HAL_Driver/Src/stm32wlxx_hal_uart_ex.o
 .text.RadioInit
                0x080084cc       0xb8 ./Middlewares/Third_Party/SubGHz_Phy/stm32_radio_driver/radio.o
 .text.RadioGetStatus
                0x08008584       0x2e ./Middlewares/Third_Party/SubGHz_Phy/stm32_radio_driver/radio.o
 *fill*         0x080085b2        0x2 
 .text.RadioSetModem
                0x080085b4       0xb8 ./Middlewares/Third_Party/SubGHz_Phy/stm32_radio_driver/radio.o
 .text.RadioSetChannel
                0x0800866c       0x16 ./Middlewares/Third_Party/SubGHz_Phy/stm32_radio_driver/radio.o
 .text.RadioIsChannelFree
                0x08008682       0xb4 ./Middlewares/Third_Party/SubGHz_Phy/stm32_radio_driver/radio.o
 .text.RadioRandom
                0x08008736       0x26 ./Middlewares/Third_Party/SubGHz_Phy/stm32_radio_driver/radio.o
 .text.RadioSetRxConfig
                0x0800875c      0x400 ./Middlewares/Third_Party/SubGHz_Phy/stm32_radio_driver/radio.o
 .text.RadioSetTxConfig
                0x08008b5c      0x218 ./Middlewares/Third_Party/SubGHz_Phy/stm32_radio_driver/radio.o
 .text.RadioCheckRfFrequency
                0x08008d74       0x14 ./Middlewares/Third_Party/SubGHz_Phy/stm32_radio_driver/radio.o
 .text.RadioGetLoRaBandwidthInHz
                0x08008d88       0xac ./Middlewares/Third_Party/SubGHz_Phy/stm32_radio_driver/radio.o
 .text.RadioGetGfskTimeOnAirNumerator
                0x08008e34       0x54 ./Middlewares/Third_Party/SubGHz_Phy/stm32_radio_driver/radio.o
 .text.RadioGetLoRaTimeOnAirNumerator
                0x08008e88      0x102 ./Middlewares/Third_Party/SubGHz_Phy/stm32_radio_driver/radio.o
 *fill*         0x08008f8a        0x2 
 .text.RadioTimeOnAir
                0x08008f8c       0xb0 ./Middlewares/Third_Party/SubGHz_Phy/stm32_radio_driver/radio.o
 .text.RadioSend
                0x0800903c      0x1f8 ./Middlewares/Third_Party/SubGHz_Phy/stm32_radio_driver/radio.o
 .text.RadioSleep
                0x08009234       0x26 ./Middlewares/Third_Party/SubGHz_Phy/stm32_radio_driver/radio.o
 .text.RadioStandby
                0x0800925a        0xe ./Middlewares/Third_Party/SubGHz_Phy/stm32_radio_driver/radio.o
 .text.RadioRx  0x08009268       0x80 ./Middlewares/Third_Party/SubGHz_Phy/stm32_radio_driver/radio.o
 .text.RadioRxBoosted
                0x080092e8       0x80 ./Middlewares/Third_Party/SubGHz_Phy/stm32_radio_driver/radio.o
 .text.RadioSetRxDutyCycle
                0x08009368       0x48 ./Middlewares/Third_Party/SubGHz_Phy/stm32_radio_driver/radio.o
 .text.RadioStartCad
                0x080093b0       0x30 ./Middlewares/Third_Party/SubGHz_Phy/stm32_radio_driver/radio.o
 .text.RadioSetTxContinuousWave
                0x080093e0       0x58 ./Middlewares/Third_Party/SubGHz_Phy/stm32_radio_driver/radio.o
 .text.RadioRssi
                0x08009438       0x18 ./Middlewares/Third_Party/SubGHz_Phy/stm32_radio_driver/radio.o
 .text.RadioWrite
                0x08009450       0x24 ./Middlewares/Third_Party/SubGHz_Phy/stm32_radio_driver/radio.o
 .text.RadioRead
                0x08009474       0x1c ./Middlewares/Third_Party/SubGHz_Phy/stm32_radio_driver/radio.o
 .text.RadioWriteRegisters
                0x08009490       0x26 ./Middlewares/Third_Party/SubGHz_Phy/stm32_radio_driver/radio.o
 .text.RadioReadRegisters
                0x080094b6       0x26 ./Middlewares/Third_Party/SubGHz_Phy/stm32_radio_driver/radio.o
 .text.RadioSetMaxPayloadLength
                0x080094dc       0x5c ./Middlewares/Third_Party/SubGHz_Phy/stm32_radio_driver/radio.o
 .text.RadioSetPublicNetwork
                0x08009538       0x5c ./Middlewares/Third_Party/SubGHz_Phy/stm32_radio_driver/radio.o
 .text.RadioGetWakeupTime
                0x08009594       0x10 ./Middlewares/Third_Party/SubGHz_Phy/stm32_radio_driver/radio.o
 .text.RadioOnTxTimeoutIrq
                0x080095a4       0x14 ./Middlewares/Third_Party/SubGHz_Phy/stm32_radio_driver/radio.o
 .text.RadioOnRxTimeoutIrq
                0x080095b8       0x14 ./Middlewares/Third_Party/SubGHz_Phy/stm32_radio_driver/radio.o
 .text.RadioOnTxTimeoutProcess
                0x080095cc       0x28 ./Middlewares/Third_Party/SubGHz_Phy/stm32_radio_driver/radio.o
 .text.RadioOnRxTimeoutProcess
                0x080095f4       0x28 ./Middlewares/Third_Party/SubGHz_Phy/stm32_radio_driver/radio.o
 .text.RadioOnDioIrq
                0x0800961c       0x24 ./Middlewares/Third_Party/SubGHz_Phy/stm32_radio_driver/radio.o
 .text.RadioIrqProcess
                0x08009640      0x44c ./Middlewares/Third_Party/SubGHz_Phy/stm32_radio_driver/radio.o
 .text.RadioTxPrbs
                0x08009a8c       0x38 ./Middlewares/Third_Party/SubGHz_Phy/stm32_radio_driver/radio.o
 .text.RadioTxCw
                0x08009ac4       0x2e ./Middlewares/Third_Party/SubGHz_Phy/stm32_radio_driver/radio.o
 .text.payload_integration
                0x08009af2      0x120 ./Middlewares/Third_Party/SubGHz_Phy/stm32_radio_driver/radio.o
 *fill*         0x08009c12        0x2 
 .text.RadioSetRxGenericConfig
                0x08009c14      0x388 ./Middlewares/Third_Party/SubGHz_Phy/stm32_radio_driver/radio.o
 .text.RadioSetTxGenericConfig
                0x08009f9c      0x46c ./Middlewares/Third_Party/SubGHz_Phy/stm32_radio_driver/radio.o
 .text.SUBGRF_Init
                0x0800a408       0x88 ./Middlewares/Third_Party/SubGHz_Phy/stm32_radio_driver/radio_driver.o
                0x0800a408                SUBGRF_Init
 .text.SUBGRF_GetOperatingMode
                0x0800a490       0x14 ./Middlewares/Third_Party/SubGHz_Phy/stm32_radio_driver/radio_driver.o
                0x0800a490                SUBGRF_GetOperatingMode
 .text.SUBGRF_SetPayload
                0x0800a4a4       0x20 ./Middlewares/Third_Party/SubGHz_Phy/stm32_radio_driver/radio_driver.o
                0x0800a4a4                SUBGRF_SetPayload
 .text.SUBGRF_GetPayload
                0x0800a4c4       0x44 ./Middlewares/Third_Party/SubGHz_Phy/stm32_radio_driver/radio_driver.o
                0x0800a4c4                SUBGRF_GetPayload
 .text.SUBGRF_SendPayload
                0x0800a508       0x26 ./Middlewares/Third_Party/SubGHz_Phy/stm32_radio_driver/radio_driver.o
                0x0800a508                SUBGRF_SendPayload
 .text.SUBGRF_SetSyncWord
                0x0800a52e       0x1e ./Middlewares/Third_Party/SubGHz_Phy/stm32_radio_driver/radio_driver.o
                0x0800a52e                SUBGRF_SetSyncWord
 .text.SUBGRF_SetCrcSeed
                0x0800a54c       0x40 ./Middlewares/Third_Party/SubGHz_Phy/stm32_radio_driver/radio_driver.o
                0x0800a54c                SUBGRF_SetCrcSeed
 .text.SUBGRF_SetCrcPolynomial
                0x0800a58c       0x40 ./Middlewares/Third_Party/SubGHz_Phy/stm32_radio_driver/radio_driver.o
                0x0800a58c                SUBGRF_SetCrcPolynomial
 .text.SUBGRF_SetWhiteningSeed
                0x0800a5cc       0x66 ./Middlewares/Third_Party/SubGHz_Phy/stm32_radio_driver/radio_driver.o
                0x0800a5cc                SUBGRF_SetWhiteningSeed
 .text.SUBGRF_GetRandom
                0x0800a632       0x8c ./Middlewares/Third_Party/SubGHz_Phy/stm32_radio_driver/radio_driver.o
                0x0800a632                SUBGRF_GetRandom
 *fill*         0x0800a6be        0x2 
 .text.SUBGRF_SetSleep
                0x0800a6c0       0x64 ./Middlewares/Third_Party/SubGHz_Phy/stm32_radio_driver/radio_driver.o
                0x0800a6c0                SUBGRF_SetSleep
 .text.SUBGRF_SetStandby
                0x0800a724       0x38 ./Middlewares/Third_Party/SubGHz_Phy/stm32_radio_driver/radio_driver.o
                0x0800a724                SUBGRF_SetStandby
 .text.SUBGRF_SetTx
                0x0800a75c       0x40 ./Middlewares/Third_Party/SubGHz_Phy/stm32_radio_driver/radio_driver.o
                0x0800a75c                SUBGRF_SetTx
 .text.SUBGRF_SetRx
                0x0800a79c       0x40 ./Middlewares/Third_Party/SubGHz_Phy/stm32_radio_driver/radio_driver.o
                0x0800a79c                SUBGRF_SetRx
 .text.SUBGRF_SetRxBoosted
                0x0800a7dc       0x48 ./Middlewares/Third_Party/SubGHz_Phy/stm32_radio_driver/radio_driver.o
                0x0800a7dc                SUBGRF_SetRxBoosted
 .text.SUBGRF_SetRxDutyCycle
                0x0800a824       0x58 ./Middlewares/Third_Party/SubGHz_Phy/stm32_radio_driver/radio_driver.o
                0x0800a824                SUBGRF_SetRxDutyCycle
 .text.SUBGRF_SetCad
                0x0800a87c       0x1c ./Middlewares/Third_Party/SubGHz_Phy/stm32_radio_driver/radio_driver.o
                0x0800a87c                SUBGRF_SetCad
 .text.SUBGRF_SetTxContinuousWave
                0x0800a898       0x12 ./Middlewares/Third_Party/SubGHz_Phy/stm32_radio_driver/radio_driver.o
                0x0800a898                SUBGRF_SetTxContinuousWave
 .text.SUBGRF_SetTxInfinitePreamble
                0x0800a8aa       0x12 ./Middlewares/Third_Party/SubGHz_Phy/stm32_radio_driver/radio_driver.o
                0x0800a8aa                SUBGRF_SetTxInfinitePreamble
 .text.SUBGRF_SetStopRxTimerOnPreambleDetect
                0x0800a8bc       0x1e ./Middlewares/Third_Party/SubGHz_Phy/stm32_radio_driver/radio_driver.o
                0x0800a8bc                SUBGRF_SetStopRxTimerOnPreambleDetect
 .text.SUBGRF_SetLoRaSymbNumTimeout
                0x0800a8da       0x5e ./Middlewares/Third_Party/SubGHz_Phy/stm32_radio_driver/radio_driver.o
                0x0800a8da                SUBGRF_SetLoRaSymbNumTimeout
 .text.SUBGRF_SetRegulatorMode
                0x0800a938       0x2e ./Middlewares/Third_Party/SubGHz_Phy/stm32_radio_driver/radio_driver.o
                0x0800a938                SUBGRF_SetRegulatorMode
 .text.SUBGRF_Calibrate
                0x0800a966       0x8c ./Middlewares/Third_Party/SubGHz_Phy/stm32_radio_driver/radio_driver.o
                0x0800a966                SUBGRF_Calibrate
 *fill*         0x0800a9f2        0x2 
 .text.SUBGRF_CalibrateImage
                0x0800a9f4       0x8c ./Middlewares/Third_Party/SubGHz_Phy/stm32_radio_driver/radio_driver.o
                0x0800a9f4                SUBGRF_CalibrateImage
 .text.SUBGRF_SetPaConfig
                0x0800aa80       0x44 ./Middlewares/Third_Party/SubGHz_Phy/stm32_radio_driver/radio_driver.o
                0x0800aa80                SUBGRF_SetPaConfig
 .text.SUBGRF_SetDioIrqParams
                0x0800aac4       0x74 ./Middlewares/Third_Party/SubGHz_Phy/stm32_radio_driver/radio_driver.o
                0x0800aac4                SUBGRF_SetDioIrqParams
 .text.SUBGRF_SetTcxoMode
                0x0800ab38       0x42 ./Middlewares/Third_Party/SubGHz_Phy/stm32_radio_driver/radio_driver.o
                0x0800ab38                SUBGRF_SetTcxoMode
 *fill*         0x0800ab7a        0x2 
 .text.SUBGRF_SetRfFrequency
                0x0800ab7c       0x8c ./Middlewares/Third_Party/SubGHz_Phy/stm32_radio_driver/radio_driver.o
                0x0800ab7c                SUBGRF_SetRfFrequency
 .text.SUBGRF_SetPacketType
                0x0800ac08       0x38 ./Middlewares/Third_Party/SubGHz_Phy/stm32_radio_driver/radio_driver.o
                0x0800ac08                SUBGRF_SetPacketType
 .text.SUBGRF_GetPacketType
                0x0800ac40       0x14 ./Middlewares/Third_Party/SubGHz_Phy/stm32_radio_driver/radio_driver.o
                0x0800ac40                SUBGRF_GetPacketType
 .text.SUBGRF_SetTxParams
                0x0800ac54      0x19a ./Middlewares/Third_Party/SubGHz_Phy/stm32_radio_driver/radio_driver.o
                0x0800ac54                SUBGRF_SetTxParams
 *fill*         0x0800adee        0x2 
 .text.SUBGRF_SetModulationParams
                0x0800adf0      0x1a4 ./Middlewares/Third_Party/SubGHz_Phy/stm32_radio_driver/radio_driver.o
                0x0800adf0                SUBGRF_SetModulationParams
 .text.SUBGRF_SetPacketParams
                0x0800af94      0x13c ./Middlewares/Third_Party/SubGHz_Phy/stm32_radio_driver/radio_driver.o
                0x0800af94                SUBGRF_SetPacketParams
 .text.SUBGRF_SetBufferBaseAddress
                0x0800b0d0       0x2e ./Middlewares/Third_Party/SubGHz_Phy/stm32_radio_driver/radio_driver.o
                0x0800b0d0                SUBGRF_SetBufferBaseAddress
 .text.SUBGRF_GetRssiInst
                0x0800b0fe       0x2a ./Middlewares/Third_Party/SubGHz_Phy/stm32_radio_driver/radio_driver.o
                0x0800b0fe                SUBGRF_GetRssiInst
 .text.SUBGRF_GetRxBufferStatus
                0x0800b128       0x58 ./Middlewares/Third_Party/SubGHz_Phy/stm32_radio_driver/radio_driver.o
                0x0800b128                SUBGRF_GetRxBufferStatus
 .text.SUBGRF_GetPacketStatus
                0x0800b180       0xa4 ./Middlewares/Third_Party/SubGHz_Phy/stm32_radio_driver/radio_driver.o
                0x0800b180                SUBGRF_GetPacketStatus
 .text.SUBGRF_WriteRegister
                0x0800b224       0x28 ./Middlewares/Third_Party/SubGHz_Phy/stm32_radio_driver/radio_driver.o
                0x0800b224                SUBGRF_WriteRegister
 .text.SUBGRF_ReadRegister
                0x0800b24c       0x28 ./Middlewares/Third_Party/SubGHz_Phy/stm32_radio_driver/radio_driver.o
                0x0800b24c                SUBGRF_ReadRegister
 .text.SUBGRF_WriteRegisters
                0x0800b274       0x44 ./Middlewares/Third_Party/SubGHz_Phy/stm32_radio_driver/radio_driver.o
                0x0800b274                SUBGRF_WriteRegisters
 .text.SUBGRF_ReadRegisters
                0x0800b2b8       0x44 ./Middlewares/Third_Party/SubGHz_Phy/stm32_radio_driver/radio_driver.o
                0x0800b2b8                SUBGRF_ReadRegisters
 .text.SUBGRF_WriteBuffer
                0x0800b2fc       0x44 ./Middlewares/Third_Party/SubGHz_Phy/stm32_radio_driver/radio_driver.o
                0x0800b2fc                SUBGRF_WriteBuffer
 .text.SUBGRF_ReadBuffer
                0x0800b340       0x44 ./Middlewares/Third_Party/SubGHz_Phy/stm32_radio_driver/radio_driver.o
                0x0800b340                SUBGRF_ReadBuffer
 .text.SUBGRF_WriteCommand
                0x0800b384       0x44 ./Middlewares/Third_Party/SubGHz_Phy/stm32_radio_driver/radio_driver.o
 .text.SUBGRF_ReadCommand
                0x0800b3c8       0x44 ./Middlewares/Third_Party/SubGHz_Phy/stm32_radio_driver/radio_driver.o
 .text.SUBGRF_SetSwitch
                0x0800b40c       0x50 ./Middlewares/Third_Party/SubGHz_Phy/stm32_radio_driver/radio_driver.o
                0x0800b40c                SUBGRF_SetSwitch
 .text.SUBGRF_SetRfTxPower
                0x0800b45c       0x68 ./Middlewares/Third_Party/SubGHz_Phy/stm32_radio_driver/radio_driver.o
                0x0800b45c                SUBGRF_SetRfTxPower
 .text.SUBGRF_GetRadioWakeUpTime
                0x0800b4c4        0xe ./Middlewares/Third_Party/SubGHz_Phy/stm32_radio_driver/radio_driver.o
                0x0800b4c4                SUBGRF_GetRadioWakeUpTime
 *fill*         0x0800b4d2        0x2 
 .text.HAL_SUBGHZ_TxCpltCallback
                0x0800b4d4       0x1c ./Middlewares/Third_Party/SubGHz_Phy/stm32_radio_driver/radio_driver.o
                0x0800b4d4                HAL_SUBGHZ_TxCpltCallback
 .text.HAL_SUBGHZ_RxCpltCallback
                0x0800b4f0       0x1c ./Middlewares/Third_Party/SubGHz_Phy/stm32_radio_driver/radio_driver.o
                0x0800b4f0                HAL_SUBGHZ_RxCpltCallback
 .text.HAL_SUBGHZ_CRCErrorCallback
                0x0800b50c       0x1c ./Middlewares/Third_Party/SubGHz_Phy/stm32_radio_driver/radio_driver.o
                0x0800b50c                HAL_SUBGHZ_CRCErrorCallback
 .text.HAL_SUBGHZ_CADStatusCallback
                0x0800b528       0x3c ./Middlewares/Third_Party/SubGHz_Phy/stm32_radio_driver/radio_driver.o
                0x0800b528                HAL_SUBGHZ_CADStatusCallback
 .text.HAL_SUBGHZ_RxTxTimeoutCallback
                0x0800b564       0x20 ./Middlewares/Third_Party/SubGHz_Phy/stm32_radio_driver/radio_driver.o
                0x0800b564                HAL_SUBGHZ_RxTxTimeoutCallback
 .text.HAL_SUBGHZ_HeaderErrorCallback
                0x0800b584       0x1c ./Middlewares/Third_Party/SubGHz_Phy/stm32_radio_driver/radio_driver.o
                0x0800b584                HAL_SUBGHZ_HeaderErrorCallback
 .text.HAL_SUBGHZ_PreambleDetectedCallback
                0x0800b5a0       0x1c ./Middlewares/Third_Party/SubGHz_Phy/stm32_radio_driver/radio_driver.o
                0x0800b5a0                HAL_SUBGHZ_PreambleDetectedCallback
 .text.HAL_SUBGHZ_SyncWordValidCallback
                0x0800b5bc       0x1c ./Middlewares/Third_Party/SubGHz_Phy/stm32_radio_driver/radio_driver.o
                0x0800b5bc                HAL_SUBGHZ_SyncWordValidCallback
 .text.HAL_SUBGHZ_HeaderValidCallback
                0x0800b5d8       0x1c ./Middlewares/Third_Party/SubGHz_Phy/stm32_radio_driver/radio_driver.o
                0x0800b5d8                HAL_SUBGHZ_HeaderValidCallback
 .text.Radio_SMPS_Set
                0x0800b5f4       0x42 ./Middlewares/Third_Party/SubGHz_Phy/stm32_radio_driver/radio_driver.o
 *fill*         0x0800b636        0x2 
 .text.SUBGRF_GetFskBandwidthRegValue
                0x0800b638       0x50 ./Middlewares/Third_Party/SubGHz_Phy/stm32_radio_driver/radio_driver.o
                0x0800b638                SUBGRF_GetFskBandwidthRegValue
 .text.SUBGRF_GetCFO
                0x0800b688       0xe8 ./Middlewares/Third_Party/SubGHz_Phy/stm32_radio_driver/radio_driver.o
                0x0800b688                SUBGRF_GetCFO
 .text.RFW_TransmitLongPacket
                0x0800b770       0x24 ./Middlewares/Third_Party/SubGHz_Phy/stm32_radio_driver/radio_fw.o
                0x0800b770                RFW_TransmitLongPacket
 .text.RFW_ReceiveLongPacket
                0x0800b794       0x24 ./Middlewares/Third_Party/SubGHz_Phy/stm32_radio_driver/radio_fw.o
                0x0800b794                RFW_ReceiveLongPacket
 .text.RFW_Init
                0x0800b7b8       0x1a ./Middlewares/Third_Party/SubGHz_Phy/stm32_radio_driver/radio_fw.o
                0x0800b7b8                RFW_Init
 .text.RFW_DeInit
                0x0800b7d2        0xc ./Middlewares/Third_Party/SubGHz_Phy/stm32_radio_driver/radio_fw.o
                0x0800b7d2                RFW_DeInit
 .text.RFW_Is_Init
                0x0800b7de        0xe ./Middlewares/Third_Party/SubGHz_Phy/stm32_radio_driver/radio_fw.o
                0x0800b7de                RFW_Is_Init
 .text.RFW_Is_LongPacketModeEnabled
                0x0800b7ec        0xe ./Middlewares/Third_Party/SubGHz_Phy/stm32_radio_driver/radio_fw.o
                0x0800b7ec                RFW_Is_LongPacketModeEnabled
 .text.RFW_SetAntSwitch
                0x0800b7fa       0x14 ./Middlewares/Third_Party/SubGHz_Phy/stm32_radio_driver/radio_fw.o
                0x0800b7fa                RFW_SetAntSwitch
 .text.RFW_TransmitInit
                0x0800b80e       0x20 ./Middlewares/Third_Party/SubGHz_Phy/stm32_radio_driver/radio_fw.o
                0x0800b80e                RFW_TransmitInit
 .text.RFW_ReceiveInit
                0x0800b82e       0x10 ./Middlewares/Third_Party/SubGHz_Phy/stm32_radio_driver/radio_fw.o
                0x0800b82e                RFW_ReceiveInit
 .text.RFW_DeInit_TxLongPacket
                0x0800b83e        0xc ./Middlewares/Third_Party/SubGHz_Phy/stm32_radio_driver/radio_fw.o
                0x0800b83e                RFW_DeInit_TxLongPacket
 .text.RFW_ReceivePayload
                0x0800b84a        0xc ./Middlewares/Third_Party/SubGHz_Phy/stm32_radio_driver/radio_fw.o
                0x0800b84a                RFW_ReceivePayload
 .text.RFW_SetRadioModem
                0x0800b856       0x14 ./Middlewares/Third_Party/SubGHz_Phy/stm32_radio_driver/radio_fw.o
                0x0800b856                RFW_SetRadioModem
 .text.MX_SubGHz_Phy_Init
                0x0800b86a       0x10 ./SubGHz_Phy/App/app_subghz_phy.o
                0x0800b86a                MX_SubGHz_Phy_Init
 .text.MX_SubGHz_Phy_Process
                0x0800b87a       0x10 ./SubGHz_Phy/App/app_subghz_phy.o
                0x0800b87a                MX_SubGHz_Phy_Process
 *fill*         0x0800b88a        0x2 
 .text.SubghzApp_Init
                0x0800b88c       0xf8 ./SubGHz_Phy/App/subghz_phy_app.o
                0x0800b88c                SubghzApp_Init
 .text.TransmitPacket
                0x0800b984       0x88 ./SubGHz_Phy/App/subghz_phy_app.o
 .text.MPU_ReadReg
                0x0800ba0c       0x38 ./SubGHz_Phy/App/subghz_phy_app.o
                0x0800ba0c                MPU_ReadReg
 .text.MPU_WriteReg
                0x0800ba44       0x38 ./SubGHz_Phy/App/subghz_phy_app.o
                0x0800ba44                MPU_WriteReg
 .text.MPU_Init
                0x0800ba7c       0x60 ./SubGHz_Phy/App/subghz_phy_app.o
                0x0800ba7c                MPU_Init
 .text.MPU_ReadAccel_f
                0x0800badc       0xe0 ./SubGHz_Phy/App/subghz_phy_app.o
                0x0800badc                MPU_ReadAccel_f
 .text.OnTxDone
                0x0800bbbc       0x24 ./SubGHz_Phy/App/subghz_phy_app.o
 .text.OnRxDone
                0x0800bbe0       0x24 ./SubGHz_Phy/App/subghz_phy_app.o
 .text.OnTxTimeout
                0x0800bc04        0xc ./SubGHz_Phy/App/subghz_phy_app.o
 .text.OnRxTimeout
                0x0800bc10        0xc ./SubGHz_Phy/App/subghz_phy_app.o
 .text.OnRxError
                0x0800bc1c        0xc ./SubGHz_Phy/App/subghz_phy_app.o
 .text.RBI_Init
                0x0800bc28        0xe ./SubGHz_Phy/Target/radio_board_if.o
                0x0800bc28                RBI_Init
 .text.RBI_ConfigRFSwitch
                0x0800bc36       0x1c ./SubGHz_Phy/Target/radio_board_if.o
                0x0800bc36                RBI_ConfigRFSwitch
 .text.RBI_GetTxConfig
                0x0800bc52        0xe ./SubGHz_Phy/Target/radio_board_if.o
                0x0800bc52                RBI_GetTxConfig
 .text.RBI_IsTCXO
                0x0800bc60        0xe ./SubGHz_Phy/Target/radio_board_if.o
                0x0800bc60                RBI_IsTCXO
 .text.RBI_IsDCDC
                0x0800bc6e        0xe ./SubGHz_Phy/Target/radio_board_if.o
                0x0800bc6e                RBI_IsDCDC
 .text.RBI_GetRFOMaxPowerConfig
                0x0800bc7c       0x1c ./SubGHz_Phy/Target/radio_board_if.o
                0x0800bc7c                RBI_GetRFOMaxPowerConfig
 .text.UTIL_LPM_Init
                0x0800bc98       0x20 ./Utilities/lpm/tiny_lpm/stm32_lpm.o
                0x0800bc98                UTIL_LPM_Init
 .text.UTIL_LPM_SetStopMode
                0x0800bcb8       0x60 ./Utilities/lpm/tiny_lpm/stm32_lpm.o
                0x0800bcb8                UTIL_LPM_SetStopMode
 .text.UTIL_LPM_SetOffMode
                0x0800bd18       0x60 ./Utilities/lpm/tiny_lpm/stm32_lpm.o
                0x0800bd18                UTIL_LPM_SetOffMode
 .text.UTIL_LPM_EnterLowPower
                0x0800bd78       0x6c ./Utilities/lpm/tiny_lpm/stm32_lpm.o
                0x0800bd78                UTIL_LPM_EnterLowPower
 .text.UTIL_MEM_cpy_8
                0x0800bde4       0x3e ./Utilities/misc/stm32_mem.o
                0x0800bde4                UTIL_MEM_cpy_8
 .text.UTIL_MEM_set_8
                0x0800be22       0x36 ./Utilities/misc/stm32_mem.o
                0x0800be22                UTIL_MEM_set_8
 .text.SysTimeAdd
                0x0800be58       0x72 ./Utilities/misc/stm32_systime.o
                0x0800be58                SysTimeAdd
 *fill*         0x0800beca        0x2 
 .text.SysTimeGet
                0x0800becc       0x70 ./Utilities/misc/stm32_systime.o
                0x0800becc                SysTimeGet
 .text.ee_skip_atoi
                0x0800bf3c       0x4c ./Utilities/misc/stm32_tiny_vsnprintf.o
 .text.ee_number
                0x0800bf88      0x1dc ./Utilities/misc/stm32_tiny_vsnprintf.o
 .text.tiny_vsnprintf_like
                0x0800c164      0x2a4 ./Utilities/misc/stm32_tiny_vsnprintf.o
                0x0800c164                tiny_vsnprintf_like
 .text.UTIL_SEQ_Run
                0x0800c408      0x1f8 ./Utilities/sequencer/stm32_seq.o
                0x0800c408                UTIL_SEQ_Run
 .text.UTIL_SEQ_PreIdle
                0x0800c600        0xc ./Utilities/sequencer/stm32_seq.o
                0x0800c600                UTIL_SEQ_PreIdle
 .text.UTIL_SEQ_PostIdle
                0x0800c60c        0xc ./Utilities/sequencer/stm32_seq.o
                0x0800c60c                UTIL_SEQ_PostIdle
 .text.SEQ_BitPosition
                0x0800c618       0x70 ./Utilities/sequencer/stm32_seq.o
                0x0800c618                SEQ_BitPosition
 .text.UTIL_TIMER_Init
                0x0800c688       0x20 ./Utilities/timer/stm32_timer.o
                0x0800c688                UTIL_TIMER_Init
 .text.UTIL_TIMER_Create
                0x0800c6a8       0x6c ./Utilities/timer/stm32_timer.o
                0x0800c6a8                UTIL_TIMER_Create
 .text.UTIL_TIMER_Start
                0x0800c714       0xdc ./Utilities/timer/stm32_timer.o
                0x0800c714                UTIL_TIMER_Start
 .text.UTIL_TIMER_Stop
                0x0800c7f0       0xe0 ./Utilities/timer/stm32_timer.o
                0x0800c7f0                UTIL_TIMER_Stop
 .text.UTIL_TIMER_SetPeriod
                0x0800c8d0       0x54 ./Utilities/timer/stm32_timer.o
                0x0800c8d0                UTIL_TIMER_SetPeriod
 .text.UTIL_TIMER_IRQ_Handler
                0x0800c924      0x100 ./Utilities/timer/stm32_timer.o
                0x0800c924                UTIL_TIMER_IRQ_Handler
 .text.UTIL_TIMER_GetCurrentTime
                0x0800ca24       0x24 ./Utilities/timer/stm32_timer.o
                0x0800ca24                UTIL_TIMER_GetCurrentTime
 .text.UTIL_TIMER_GetElapsedTime
                0x0800ca48       0x38 ./Utilities/timer/stm32_timer.o
                0x0800ca48                UTIL_TIMER_GetElapsedTime
 .text.TimerExists
                0x0800ca80       0x38 ./Utilities/timer/stm32_timer.o
                0x0800ca80                TimerExists
 .text.TimerSetTimeout
                0x0800cab8       0x54 ./Utilities/timer/stm32_timer.o
                0x0800cab8                TimerSetTimeout
 .text.TimerInsertTimer
                0x0800cb0c       0x60 ./Utilities/timer/stm32_timer.o
                0x0800cb0c                TimerInsertTimer
 .text.TimerInsertNewHeadTimer
                0x0800cb6c       0x3c ./Utilities/timer/stm32_timer.o
                0x0800cb6c                TimerInsertNewHeadTimer
 .text.UTIL_ADV_TRACE_Init
                0x0800cba8       0x38 ./Utilities/trace/adv_trace/stm32_adv_trace.o
                0x0800cba8                UTIL_ADV_TRACE_Init
 .text.UTIL_ADV_TRACE_COND_FSend
                0x0800cbe0      0x100 ./Utilities/trace/adv_trace/stm32_adv_trace.o
                0x0800cbe0                UTIL_ADV_TRACE_COND_FSend
 .text.UTIL_ADV_TRACE_RegisterTimeStampFunction
                0x0800cce0       0x1c ./Utilities/trace/adv_trace/stm32_adv_trace.o
                0x0800cce0                UTIL_ADV_TRACE_RegisterTimeStampFunction
 .text.UTIL_ADV_TRACE_SetVerboseLevel
                0x0800ccfc       0x20 ./Utilities/trace/adv_trace/stm32_adv_trace.o
                0x0800ccfc                UTIL_ADV_TRACE_SetVerboseLevel
 .text.TRACE_Send
                0x0800cd1c      0x108 ./Utilities/trace/adv_trace/stm32_adv_trace.o
 .text.TRACE_TxCpltCallback
                0x0800ce24      0x118 ./Utilities/trace/adv_trace/stm32_adv_trace.o
 .text.TRACE_AllocateBufer
                0x0800cf3c       0xfc ./Utilities/trace/adv_trace/stm32_adv_trace.o
 .text.TRACE_Lock
                0x0800d038       0x3c ./Utilities/trace/adv_trace/stm32_adv_trace.o
 .text.TRACE_UnLock
                0x0800d074       0x3c ./Utilities/trace/adv_trace/stm32_adv_trace.o
 .text.TRACE_IsLocked
                0x0800d0b0       0x20 ./Utilities/trace/adv_trace/stm32_adv_trace.o
 .text.memset   0x0800d0d0       0x10 C:/ST/STM32CubeIDE_1.15.1/STM32CubeIDE/plugins/com.st.stm32cube.ide.mcu.externaltools.gnu-tools-for-stm32.12.3.rel1.win32_1.0.100.202403111256/tools/bin/../lib/gcc/arm-none-eabi/12.3.1/../../../../arm-none-eabi/lib/thumb/v7e-m/nofp\libc_nano.a(libc_a-memset.o)
                0x0800d0d0                memset
 .text.__libc_init_array
                0x0800d0e0       0x48 C:/ST/STM32CubeIDE_1.15.1/STM32CubeIDE/plugins/com.st.stm32cube.ide.mcu.externaltools.gnu-tools-for-stm32.12.3.rel1.win32_1.0.100.202403111256/tools/bin/../lib/gcc/arm-none-eabi/12.3.1/../../../../arm-none-eabi/lib/thumb/v7e-m/nofp\libc_nano.a(libc_a-init.o)
                0x0800d0e0                __libc_init_array
 *(.glue_7)
 .glue_7        0x0800d128        0x0 linker stubs
 *(.glue_7t)
 .glue_7t       0x0800d128        0x0 linker stubs
 *(.eh_frame)
 .eh_frame      0x0800d128        0x0 C:/ST/STM32CubeIDE_1.15.1/STM32CubeIDE/plugins/com.st.stm32cube.ide.mcu.externaltools.gnu-tools-for-stm32.12.3.rel1.win32_1.0.100.202403111256/tools/bin/../lib/gcc/arm-none-eabi/12.3.1/thumb/v7e-m/nofp/crtbegin.o
 *(.init)
 .init          0x0800d128        0x4 C:/ST/STM32CubeIDE_1.15.1/STM32CubeIDE/plugins/com.st.stm32cube.ide.mcu.externaltools.gnu-tools-for-stm32.12.3.rel1.win32_1.0.100.202403111256/tools/bin/../lib/gcc/arm-none-eabi/12.3.1/thumb/v7e-m/nofp/crti.o
                0x0800d128                _init
 .init          0x0800d12c        0x8 C:/ST/STM32CubeIDE_1.15.1/STM32CubeIDE/plugins/com.st.stm32cube.ide.mcu.externaltools.gnu-tools-for-stm32.12.3.rel1.win32_1.0.100.202403111256/tools/bin/../lib/gcc/arm-none-eabi/12.3.1/thumb/v7e-m/nofp/crtn.o
 *(.fini)
 .fini          0x0800d134        0x4 C:/ST/STM32CubeIDE_1.15.1/STM32CubeIDE/plugins/com.st.stm32cube.ide.mcu.externaltools.gnu-tools-for-stm32.12.3.rel1.win32_1.0.100.202403111256/tools/bin/../lib/gcc/arm-none-eabi/12.3.1/thumb/v7e-m/nofp/crti.o
                0x0800d134                _fini
 .fini          0x0800d138        0x8 C:/ST/STM32CubeIDE_1.15.1/STM32CubeIDE/plugins/com.st.stm32cube.ide.mcu.externaltools.gnu-tools-for-stm32.12.3.rel1.win32_1.0.100.202403111256/tools/bin/../lib/gcc/arm-none-eabi/12.3.1/thumb/v7e-m/nofp/crtn.o
                0x0800d140                        . = ALIGN (0x4)
                0x0800d140                        _etext = .

.vfp11_veneer   0x0800d140        0x0
 .vfp11_veneer  0x0800d140        0x0 linker stubs

.v4_bx          0x0800d140        0x0
 .v4_bx         0x0800d140        0x0 linker stubs

.iplt           0x0800d140        0x0
 .iplt          0x0800d140        0x0 C:/ST/STM32CubeIDE_1.15.1/STM32CubeIDE/plugins/com.st.stm32cube.ide.mcu.externaltools.gnu-tools-for-stm32.12.3.rel1.win32_1.0.100.202403111256/tools/bin/../lib/gcc/arm-none-eabi/12.3.1/thumb/v7e-m/nofp/crtbegin.o

.rodata         0x0800d140      0x3fc
                0x0800d140                        . = ALIGN (0x4)
 *(.rodata)
 .rodata        0x0800d140        0x9 ./Core/Src/sys_app.o
 *fill*         0x0800d149        0x3 
 .rodata        0x0800d14c       0x1c ./Drivers/STM32WLxx_HAL_Driver/Src/stm32wlxx_hal_rcc.o
 .rodata        0x0800d168       0x7c ./Middlewares/Third_Party/SubGHz_Phy/stm32_radio_driver/radio.o
 .rodata        0x0800d1e4       0x11 ./Middlewares/Third_Party/SubGHz_Phy/stm32_radio_driver/radio_driver.o
 *fill*         0x0800d1f5        0x3 
 .rodata        0x0800d1f8       0x73 ./SubGHz_Phy/App/subghz_phy_app.o
 *fill*         0x0800d26b        0x1 
 .rodata        0x0800d26c       0x57 ./Utilities/misc/stm32_tiny_vsnprintf.o
 *(.rodata*)
 *fill*         0x0800d2c3        0x1 
 .rodata.UTIL_PowerDriver
                0x0800d2c4       0x18 ./Core/Src/stm32_lpm_if.o
                0x0800d2c4                UTIL_PowerDriver
 .rodata.AHBPrescTable
                0x0800d2dc       0x40 ./Core/Src/system_stm32wlxx.o
                0x0800d2dc                AHBPrescTable
 .rodata.APBPrescTable
                0x0800d31c       0x20 ./Core/Src/system_stm32wlxx.o
                0x0800d31c                APBPrescTable
 .rodata.MSIRangeTable
                0x0800d33c       0x40 ./Core/Src/system_stm32wlxx.o
                0x0800d33c                MSIRangeTable
 .rodata.UTIL_TimerDriver
                0x0800d37c       0x2c ./Core/Src/timer_if.o
                0x0800d37c                UTIL_TimerDriver
 .rodata.UTIL_SYSTIMDriver
                0x0800d3a8       0x14 ./Core/Src/timer_if.o
                0x0800d3a8                UTIL_SYSTIMDriver
 .rodata.UTIL_TraceDriver
                0x0800d3bc       0x10 ./Core/Src/usart_if.o
                0x0800d3bc                UTIL_TraceDriver
 .rodata.UARTPrescTable
                0x0800d3cc       0x18 ./Drivers/STM32WLxx_HAL_Driver/Src/stm32wlxx_hal_uart.o
                0x0800d3cc                UARTPrescTable
 .rodata.numerator.1
                0x0800d3e4        0x8 ./Drivers/STM32WLxx_HAL_Driver/Src/stm32wlxx_hal_uart_ex.o
 .rodata.denominator.0
                0x0800d3ec        0x8 ./Drivers/STM32WLxx_HAL_Driver/Src/stm32wlxx_hal_uart_ex.o
 .rodata.Radio  0x0800d3f4       0x84 ./Middlewares/Third_Party/SubGHz_Phy/stm32_radio_driver/radio.o
                0x0800d3f4                Radio
 .rodata.Bandwidths
                0x0800d478        0x3 ./Middlewares/Third_Party/SubGHz_Phy/stm32_radio_driver/radio.o
                0x0800d478                Bandwidths
 *fill*         0x0800d47b        0x1 
 .rodata.FskBandwidths
                0x0800d47c       0xb0 ./Middlewares/Third_Party/SubGHz_Phy/stm32_radio_driver/radio_driver.o
 .rodata.SEQ_clz_table_4bit
                0x0800d52c       0x10 ./Utilities/sequencer/stm32_seq.o
                0x0800d52c                SEQ_clz_table_4bit
                0x0800d53c                        . = ALIGN (0x4)

.ARM.extab      0x0800d53c        0x0
                0x0800d53c                        . = ALIGN (0x4)
 *(.ARM.extab* .gnu.linkonce.armextab.*)
                0x0800d53c                        . = ALIGN (0x4)

.ARM            0x0800d53c        0x8
                0x0800d53c                        . = ALIGN (0x4)
                0x0800d53c                        __exidx_start = .
 *(.ARM.exidx*)
 .ARM.exidx     0x0800d53c        0x8 C:/ST/STM32CubeIDE_1.15.1/STM32CubeIDE/plugins/com.st.stm32cube.ide.mcu.externaltools.gnu-tools-for-stm32.12.3.rel1.win32_1.0.100.202403111256/tools/bin/../lib/gcc/arm-none-eabi/12.3.1/../../../../arm-none-eabi/lib/thumb/v7e-m/nofp\libc_nano.a(libc_a-strlen.o)
 .ARM.exidx     0x0800d544        0x0 C:/ST/STM32CubeIDE_1.15.1/STM32CubeIDE/plugins/com.st.stm32cube.ide.mcu.externaltools.gnu-tools-for-stm32.12.3.rel1.win32_1.0.100.202403111256/tools/bin/../lib/gcc/arm-none-eabi/12.3.1/thumb/v7e-m/nofp\libgcc.a(_udivmoddi4.o)
                                  0x8 (size before relaxing)
                0x0800d544                        __exidx_end = .
                0x0800d544                        . = ALIGN (0x4)

.preinit_array  0x0800d544        0x0
                0x0800d544                        . = ALIGN (0x4)
                0x0800d544                        PROVIDE (__preinit_array_start = .)
 *(.preinit_array*)
                0x0800d544                        PROVIDE (__preinit_array_end = .)
                0x0800d544                        . = ALIGN (0x4)

.init_array     0x0800d544        0x4
                0x0800d544                        . = ALIGN (0x4)
                0x0800d544                        PROVIDE (__init_array_start = .)
 *(SORT_BY_NAME(.init_array.*))
 *(.init_array*)
 .init_array    0x0800d544        0x4 C:/ST/STM32CubeIDE_1.15.1/STM32CubeIDE/plugins/com.st.stm32cube.ide.mcu.externaltools.gnu-tools-for-stm32.12.3.rel1.win32_1.0.100.202403111256/tools/bin/../lib/gcc/arm-none-eabi/12.3.1/thumb/v7e-m/nofp/crtbegin.o
                0x0800d548                        PROVIDE (__init_array_end = .)
                0x0800d548                        . = ALIGN (0x4)

.fini_array     0x0800d548        0x4
                0x0800d548                        . = ALIGN (0x4)
                [!provide]                        PROVIDE (__fini_array_start = .)
 *(SORT_BY_NAME(.fini_array.*))
 *(.fini_array*)
 .fini_array    0x0800d548        0x4 C:/ST/STM32CubeIDE_1.15.1/STM32CubeIDE/plugins/com.st.stm32cube.ide.mcu.externaltools.gnu-tools-for-stm32.12.3.rel1.win32_1.0.100.202403111256/tools/bin/../lib/gcc/arm-none-eabi/12.3.1/thumb/v7e-m/nofp/crtbegin.o
                [!provide]                        PROVIDE (__fini_array_end = .)
                0x0800d54c                        . = ALIGN (0x4)
                0x0800d54c                        _sidata = LOADADDR (.data)

.rel.dyn        0x0800d54c        0x0
 .rel.iplt      0x0800d54c        0x0 C:/ST/STM32CubeIDE_1.15.1/STM32CubeIDE/plugins/com.st.stm32cube.ide.mcu.externaltools.gnu-tools-for-stm32.12.3.rel1.win32_1.0.100.202403111256/tools/bin/../lib/gcc/arm-none-eabi/12.3.1/thumb/v7e-m/nofp/crtbegin.o

.data           0x20000000       0x1c load address 0x0800d54c
                0x20000000                        . = ALIGN (0x4)
                0x20000000                        _sdata = .
 *(.data)
 *(.data*)
 .data.SystemCoreClock
                0x20000000        0x4 ./Core/Src/system_stm32wlxx.o
                0x20000000                SystemCoreClock
 .data.uwTickPrio
                0x20000004        0x4 ./Drivers/STM32WLxx_HAL_Driver/Src/stm32wlxx_hal.o
                0x20000004                uwTickPrio
 .data.MaxPayloadLength