../SubGHz_Phy/App/subghz_phy_app.c:111:6:SubghzApp_Init	56	static
../SubGHz_Phy/App/subghz_phy_app.c:160:13:TransmitPacket	40	static
../SubGHz_Phy/App/subghz_phy_app.c:175:9:MPU_ReadReg	40	static
../SubGHz_Phy/App/subghz_phy_app.c:181:6:MPU_WriteReg	32	static
../SubGHz_Phy/App/subghz_phy_app.c:185:6:MPU_Init	24	static
../SubGHz_Phy/App/subghz_phy_app.c:200:6:MPU_ReadAccel_f	64	static
../SubGHz_Phy/App/subghz_phy_app.c:233:13:OnTxDone	8	static
../SubGHz_Phy/App/subghz_phy_app.c:242:13:OnRxDone	24	static
../SubGHz_Phy/App/subghz_phy_app.c:248:13:OnTxTimeout	4	static
../SubGHz_Phy/App/subghz_phy_app.c:254:13:OnRxTimeout	4	static
../SubGHz_Phy/App/subghz_phy_app.c:260:13:OnRxError	4	static
